  1/1 Mean: 0.000 ━━━━━━━━━━━━━━━━━━━━━━━━━━━━━━━━━━━━━━━━ 0:23:54 0:00:00
adhoc • oracle
┏━━━━━━━━┳━━━━━━━━━━━━┳━━━━━━━┓
┃ Trials ┃ Exceptions ┃  Mean ┃
┡━━━━━━━━╇━━━━━━━━━━━━╇━━━━━━━┩
│      1 │          0 │ 0.000 │
└────────┴────────────┴───────┘

┏━━━━━━━━┳━━━━━━━┓
┃ Reward ┃ Count ┃
┡━━━━━━━━╇━━━━━━━┩
│ 0.0    │     1 │
└────────┴───────┘

Job Info
Total runtime: 23m 54s
Results written to 
/home/evan/Documents/task_validation/data/gold/harbor_index_replicate/jobs/hi-re
plicate-featurebench-add-feature-xarray-backend-chunks-oracle-r0/result.json
Inspect results by running `harbor view 
/home/evan/Documents/task_validation/data/gold/harbor_index_replicate/jobs`
Share results by running `harbor upload 
/home/evan/Documents/task_validation/data/gold/harbor_index_replicate/jobs/hi-re
plicate-featurebench-add-feature-xarray-backend-chunks-oracle-r0`

  1/1 Mean: 0.000 ━━━━━━━━━━━━━━━━━━━━━━━━━━━━━━━━━━━━━━━━ 0:00:34 0:00:00
adhoc • oracle
┏━━━━━━━━┳━━━━━━━━━━━━┳━━━━━━━┓
┃ Trials ┃ Exceptions ┃  Mean ┃
┡━━━━━━━━╇━━━━━━━━━━━━╇━━━━━━━┩
│      1 │          0 │ 0.000 │
└────────┴────────────┴───────┘

┏━━━━━━━━┳━━━━━━━┓
┃ Reward ┃ Count ┃
┡━━━━━━━━╇━━━━━━━┩
│ 0.0    │     1 │
└────────┴───────┘

Job Info
Total runtime: 34s
Results written to 
/home/evan/Documents/task_validation/data/gold/harbor_index_replicate/jobs/hi-re
plicate-featurebench-add-feature-xarray-backend-chunks-oracle-r1/result.json
Inspect results by running `harbor view 
/home/evan/Documents/task_validation/data/gold/harbor_index_replicate/jobs`
Share results by running `harbor upload 
/home/evan/Documents/task_validation/data/gold/harbor_index_replicate/jobs/hi-re
plicate-featurebench-add-feature-xarray-backend-chunks-oracle-r1`

  1/1 Mean: 0.000 ━━━━━━━━━━━━━━━━━━━━━━━━━━━━━━━━━━━━━━━━ 0:00:34 0:00:00
adhoc • nop
┏━━━━━━━━┳━━━━━━━━━━━━┳━━━━━━━┓
┃ Trials ┃ Exceptions ┃  Mean ┃
┡━━━━━━━━╇━━━━━━━━━━━━╇━━━━━━━┩
│      1 │          0 │ 0.000 │
└────────┴────────────┴───────┘

┏━━━━━━━━┳━━━━━━━┓
┃ Reward ┃ Count ┃
┡━━━━━━━━╇━━━━━━━┩
│ 0.0    │     1 │
└────────┴───────┘

Job Info
Total runtime: 34s
Results written to 
/home/evan/Documents/task_validation/data/gold/harbor_index_replicate/jobs/hi-re
plicate-featurebench-add-feature-xarray-backend-chunks-nop-r0/result.json
Inspect results by running `harbor view 
/home/evan/Documents/task_validation/data/gold/harbor_index_replicate/jobs`
Share results by running `harbor upload 
/home/evan/Documents/task_validation/data/gold/harbor_index_replicate/jobs/hi-re
plicate-featurebench-add-feature-xarray-backend-chunks-nop-r0`

  1/1 Mean: 0.000 ━━━━━━━━━━━━━━━━━━━━━━━━━━━━━━━━━━━━━━━━ 0:00:33 0:00:00
adhoc • nop
┏━━━━━━━━┳━━━━━━━━━━━━┳━━━━━━━┓
┃ Trials ┃ Exceptions ┃  Mean ┃
┡━━━━━━━━╇━━━━━━━━━━━━╇━━━━━━━┩
│      1 │          0 │ 0.000 │
└────────┴────────────┴───────┘

┏━━━━━━━━┳━━━━━━━┓
┃ Reward ┃ Count ┃
┡━━━━━━━━╇━━━━━━━┩
│ 0.0    │     1 │
└────────┴───────┘

Job Info
Total runtime: 33s
Results written to 
/home/evan/Documents/task_validation/data/gold/harbor_index_replicate/jobs/hi-re
plicate-featurebench-add-feature-xarray-backend-chunks-nop-r1/result.json
Inspect results by running `harbor view 
/home/evan/Documents/task_validation/data/gold/harbor_index_replicate/jobs`
Share results by running `harbor upload 
/home/evan/Documents/task_validation/data/gold/harbor_index_replicate/jobs/hi-re
plicate-featurebench-add-feature-xarray-backend-chunks-nop-r1`

  1/1 Mean: 0.000 ━━━━━━━━━━━━━━━━━━━━━━━━━━━━━━━━━━━━━━━━ 0:02:17 0:00:00
adhoc • oracle
┏━━━━━━━━┳━━━━━━━━━━━━┳━━━━━━━┓
┃ Trials ┃ Exceptions ┃  Mean ┃
┡━━━━━━━━╇━━━━━━━━━━━━╇━━━━━━━┩
│      1 │          0 │ 0.000 │
└────────┴────────────┴───────┘

┏━━━━━━━━┳━━━━━━━┓
┃ Reward ┃ Count ┃
┡━━━━━━━━╇━━━━━━━┩
│ 0.0    │     1 │
└────────┴───────┘

Job Info
Total runtime: 2m 17s
Results written to 
/home/evan/Documents/task_validation/data/gold/harbor_index_replicate/jobs/hi-re
plicate-sldbench-discover-vocab-scaling-law-oracle-r0/result.json
Inspect results by running `harbor view 
/home/evan/Documents/task_validation/data/gold/harbor_index_replicate/jobs`
Share results by running `harbor upload 
/home/evan/Documents/task_validation/data/gold/harbor_index_replicate/jobs/hi-re
plicate-sldbench-discover-vocab-scaling-law-oracle-r0`

  1/1 Mean: 0.000 ━━━━━━━━━━━━━━━━━━━━━━━━━━━━━━━━━━━━━━━━ 0:00:31 0:00:00
adhoc • oracle
┏━━━━━━━━┳━━━━━━━━━━━━┳━━━━━━━┓
┃ Trials ┃ Exceptions ┃  Mean ┃
┡━━━━━━━━╇━━━━━━━━━━━━╇━━━━━━━┩
│      1 │          0 │ 0.000 │
└────────┴────────────┴───────┘

┏━━━━━━━━┳━━━━━━━┓
┃ Reward ┃ Count ┃
┡━━━━━━━━╇━━━━━━━┩
│ 0.0    │     1 │
└────────┴───────┘

Job Info
Total runtime: 31s
Results written to 
/home/evan/Documents/task_validation/data/gold/harbor_index_replicate/jobs/hi-re
plicate-sldbench-discover-vocab-scaling-law-oracle-r1/result.json
Inspect results by running `harbor view 
/home/evan/Documents/task_validation/data/gold/harbor_index_replicate/jobs`
Share results by running `harbor upload 
/home/evan/Documents/task_validation/data/gold/harbor_index_replicate/jobs/hi-re
plicate-sldbench-discover-vocab-scaling-law-oracle-r1`

  1/1 Mean: 0.000 ━━━━━━━━━━━━━━━━━━━━━━━━━━━━━━━━━━━━━━━━ 0:00:29 0:00:00
adhoc • nop
┏━━━━━━━━┳━━━━━━━━━━━━┳━━━━━━━┓
┃ Trials ┃ Exceptions ┃  Mean ┃
┡━━━━━━━━╇━━━━━━━━━━━━╇━━━━━━━┩
│      1 │          0 │ 0.000 │
└────────┴────────────┴───────┘

┏━━━━━━━━┳━━━━━━━┓
┃ Reward ┃ Count ┃
┡━━━━━━━━╇━━━━━━━┩
│ 0.0    │     1 │
└────────┴───────┘

Job Info
Total runtime: 29s
Results written to 
/home/evan/Documents/task_validation/data/gold/harbor_index_replicate/jobs/hi-re
plicate-sldbench-discover-vocab-scaling-law-nop-r0/result.json
Inspect results by running `harbor view 
/home/evan/Documents/task_validation/data/gold/harbor_index_replicate/jobs`
Share results by running `harbor upload 
/home/evan/Documents/task_validation/data/gold/harbor_index_replicate/jobs/hi-re
plicate-sldbench-discover-vocab-scaling-law-nop-r0`

  1/1 Mean: 0.000 ━━━━━━━━━━━━━━━━━━━━━━━━━━━━━━━━━━━━━━━━ 0:00:29 0:00:00
adhoc • nop
┏━━━━━━━━┳━━━━━━━━━━━━┳━━━━━━━┓
┃ Trials ┃ Exceptions ┃  Mean ┃
┡━━━━━━━━╇━━━━━━━━━━━━╇━━━━━━━┩
│      1 │          0 │ 0.000 │
└────────┴────────────┴───────┘

┏━━━━━━━━┳━━━━━━━┓
┃ Reward ┃ Count ┃
┡━━━━━━━━╇━━━━━━━┩
│ 0.0    │     1 │
└────────┴───────┘

Job Info
Total runtime: 29s
Results written to 
/home/evan/Documents/task_validation/data/gold/harbor_index_replicate/jobs/hi-re
plicate-sldbench-discover-vocab-scaling-law-nop-r1/result.json
Inspect results by running `harbor view 
/home/evan/Documents/task_validation/data/gold/harbor_index_replicate/jobs`
Share results by running `harbor upload 
/home/evan/Documents/task_validation/data/gold/harbor_index_replicate/jobs/hi-re
plicate-sldbench-discover-vocab-scaling-law-nop-r1`

