=== tmax sample 2026-09-14T11:21:24-04:00
Traceback (most recent call last):
  File "<frozen runpy>", line 198, in _run_module_as_main
  File "<frozen runpy>", line 88, in _run_code
  File "/home/evan/task_validation/src/task_validation/cli.py", line 1177, in <module>
    sys.exit(main())
             ^^^^^^
  File "/home/evan/task_validation/src/task_validation/cli.py", line 1173, in main
    return args.func(args)
           ^^^^^^^^^^^^^^^
  File "/home/evan/task_validation/src/task_validation/cli.py", line 782, in _cmd_generator_gate_sample
    manifest = gg.sample_generator(
               ^^^^^^^^^^^^^^^^^^^^
  File "/home/evan/task_validation/src/task_validation/evidence/generator_gate.py", line 277, in sample_generator
    raise ValueError(f"n={n} exceeds enumerated population {len(all_ids)}")
ValueError: n=200 exceeds enumerated population 0
=== tmax sample FAILED
[generator_gate] tasks=200 k=2 probes=['nop'] concurrency=3 resume_rows=0 done=0 budget_sec=10800.0
[generator_gate] task_002045_3c26703c nop r0 status=infra reward=None elapsed=0.0s remaining=10800s
[generator_gate] task_002045_3c26703c warmup trial infra; recording 1 remaining trials not_run
[generator_gate] task_002725_cb5037b6 nop r0 status=infra reward=None elapsed=0.0s remaining=10800s
[generator_gate] task_002725_cb5037b6 warmup trial infra; recording 1 remaining trials not_run
[generator_gate] task_001594_36c21edd nop r0 status=infra reward=None elapsed=0.0s remaining=10800s
[generator_gate] task_001594_36c21edd warmup trial infra; recording 1 remaining trials not_run
[generator_gate] task_004343_8b5081b2 nop r0 status=infra reward=None elapsed=0.0s remaining=10800s
[generator_gate] task_004343_8b5081b2 warmup trial infra; recording 1 remaining trials not_run
[generator_gate] task_006017_acc4bc66 nop r0 status=infra reward=None elapsed=0.0s remaining=10800s
[generator_gate] task_006017_acc4bc66 warmup trial infra; recording 1 remaining trials not_run
[generator_gate] task_003726_c2552920 nop r0 status=infra reward=None elapsed=0.0s remaining=10799s
[generator_gate] task_003726_c2552920 warmup trial infra; recording 1 remaining trials not_run
[generator_gate] task_008829_2b4b817b nop r0 status=infra reward=None elapsed=0.0s remaining=10798s
[generator_gate] task_008829_2b4b817b warmup trial infra; recording 1 remaining trials not_run
[generator_gate] task_000532_575eee22 nop r0 status=infra reward=None elapsed=0.0s remaining=10798s
[generator_gate] task_000532_575eee22 warmup trial infra; recording 1 remaining trials not_run
[generator_gate] task_005094_abe2e70b nop r0 status=infra reward=None elapsed=0.0s remaining=10797s
[generator_gate] task_005094_abe2e70b warmup trial infra; recording 1 remaining trials not_run
[generator_gate] task_009275_0b5d5722 nop r0 status=infra reward=None elapsed=0.2s remaining=10797s
[generator_gate] task_009275_0b5d5722 warmup trial infra; recording 1 remaining trials not_run
[generator_gate] task_009647_3082b9e1 nop r0 status=infra reward=None elapsed=0.0s remaining=10796s
[generator_gate] task_009647_3082b9e1 warmup trial infra; recording 1 remaining trials not_run
[generator_gate] task_009718_861ca607 nop r0 status=infra reward=None elapsed=0.0s remaining=10796s
[generator_gate] task_009718_861ca607 warmup trial infra; recording 1 remaining trials not_run
[generator_gate] task_007924_caa5f4f1 nop r0 status=infra reward=None elapsed=0.0s remaining=10795s
[generator_gate] task_007924_caa5f4f1 warmup trial infra; recording 1 remaining trials not_run
[generator_gate] task_001609_5d493d1b nop r0 status=infra reward=None elapsed=0.0s remaining=10795s
[generator_gate] task_001609_5d493d1b warmup trial infra; recording 1 remaining trials not_run
[generator_gate] task_001554_6e88d897 nop r0 status=infra reward=None elapsed=0.0s remaining=10794s
[generator_gate] task_001554_6e88d897 warmup trial infra; recording 1 remaining trials not_run
[generator_gate] task_003975_20f9eab3 nop r0 status=infra reward=None elapsed=0.0s remaining=10794s
[generator_gate] task_003975_20f9eab3 warmup trial infra; recording 1 remaining trials not_run
[generator_gate] task_003631_31f94388 nop r0 status=infra reward=None elapsed=0.0s remaining=10793s
[generator_gate] task_003631_31f94388 warmup trial infra; recording 1 remaining trials not_run
[generator_gate] task_004712_32dc6239 nop r0 status=infra reward=None elapsed=0.0s remaining=10792s
[generator_gate] task_004712_32dc6239 warmup trial infra; recording 1 remaining trials not_run
[generator_gate] task_009473_f7543217 nop r0 status=infra reward=None elapsed=0.0s remaining=10792s
[generator_gate] task_009473_f7543217 warmup trial infra; recording 1 remaining trials not_run
[generator_gate] task_004713_0c912639 nop r0 status=infra reward=None elapsed=0.0s remaining=10792s
[generator_gate] task_004713_0c912639 warmup trial infra; recording 1 remaining trials not_run
[generator_gate] prune after 20 tasks: images=0B builder=12650000000B
[generator_gate] task_005391_5c91b8dd nop r0 status=infra reward=None elapsed=0.0s remaining=10780s
[generator_gate] task_005391_5c91b8dd warmup trial infra; recording 1 remaining trials not_run
[generator_gate] task_004376_f51c10c3 nop r0 status=infra reward=None elapsed=0.0s remaining=10780s
[generator_gate] task_004376_f51c10c3 warmup trial infra; recording 1 remaining trials not_run
[generator_gate] task_007249_03ed8fb2 nop r0 status=infra reward=None elapsed=0.0s remaining=10779s
[generator_gate] task_007249_03ed8fb2 warmup trial infra; recording 1 remaining trials not_run
[generator_gate] task_009052_81353dab nop r0 status=infra reward=None elapsed=0.0s remaining=10779s
[generator_gate] task_009052_81353dab warmup trial infra; recording 1 remaining trials not_run
[generator_gate] task_004065_fd6d88b4 nop r0 status=infra reward=None elapsed=0.0s remaining=10778s
[generator_gate] task_004065_fd6d88b4 warmup trial infra; recording 1 remaining trials not_run
[generator_gate] task_008032_1f391d8f nop r0 status=infra reward=None elapsed=0.0s remaining=10778s
[generator_gate] task_008032_1f391d8f warmup trial infra; recording 1 remaining trials not_run
[generator_gate] task_002520_fd68c110 nop r0 status=infra reward=None elapsed=0.0s remaining=10777s
[generator_gate] task_002520_fd68c110 warmup trial infra; recording 1 remaining trials not_run
[generator_gate] task_008001_d7f63bcc nop r0 status=infra reward=None elapsed=0.0s remaining=10777s
[generator_gate] task_008001_d7f63bcc warmup trial infra; recording 1 remaining trials not_run
[generator_gate] task_001234_485198ca nop r0 status=infra reward=None elapsed=0.0s remaining=10777s
[generator_gate] task_001234_485198ca warmup trial infra; recording 1 remaining trials not_run
[generator_gate] task_008536_f043fa1c nop r0 status=infra reward=None elapsed=0.0s remaining=10776s
[generator_gate] task_008536_f043fa1c warmup trial infra; recording 1 remaining trials not_run
[generator_gate] task_003576_8ed45a61 nop r0 status=infra reward=None elapsed=0.0s remaining=10775s
[generator_gate] task_003576_8ed45a61 warmup trial infra; recording 1 remaining trials not_run
[generator_gate] task_000864_f2382f56 nop r0 status=infra reward=None elapsed=0.0s remaining=10775s
[generator_gate] task_000864_f2382f56 warmup trial infra; recording 1 remaining trials not_run
[generator_gate] task_001664_4ac13a50 nop r0 status=infra reward=None elapsed=0.0s remaining=10775s
[generator_gate] task_001664_4ac13a50 warmup trial infra; recording 1 remaining trials not_run
[generator_gate] task_006361_f2db0da6 nop r0 status=infra reward=None elapsed=0.0s remaining=10774s
[generator_gate] task_006361_f2db0da6 warmup trial infra; recording 1 remaining trials not_run
[generator_gate] task_003509_00fc3b28 nop r0 status=infra reward=None elapsed=0.0s remaining=10774s
[generator_gate] task_003509_00fc3b28 warmup trial infra; recording 1 remaining trials not_run
[generator_gate] task_001301_7ba47355 nop r0 status=infra reward=None elapsed=0.0s remaining=10774s
[generator_gate] task_001301_7ba47355 warmup trial infra; recording 1 remaining trials not_run
[generator_gate] task_004661_df88df92 nop r0 status=infra reward=None elapsed=0.0s remaining=10773s
[generator_gate] task_004661_df88df92 warmup trial infra; recording 1 remaining trials not_run
[generator_gate] task_000917_8c2a98b6 nop r0 status=infra reward=None elapsed=0.0s remaining=10772s
[generator_gate] task_000917_8c2a98b6 warmup trial infra; recording 1 remaining trials not_run
[generator_gate] task_000785_0e48509f nop r0 status=infra reward=None elapsed=0.0s remaining=10772s
[generator_gate] task_000785_0e48509f warmup trial infra; recording 1 remaining trials not_run
[generator_gate] task_009887_3b3d8380 nop r0 status=infra reward=None elapsed=0.0s remaining=10771s
[generator_gate] task_009887_3b3d8380 warmup trial infra; recording 1 remaining trials not_run
[generator_gate] prune after 40 tasks: images=0B builder=0B
[generator_gate] task_009194_8706d052 nop r0 status=infra reward=None elapsed=0.0s remaining=10770s
[generator_gate] task_009194_8706d052 warmup trial infra; recording 1 remaining trials not_run
[generator_gate] task_002986_06edbd01 nop r0 status=infra reward=None elapsed=0.0s remaining=10769s
[generator_gate] task_002986_06edbd01 warmup trial infra; recording 1 remaining trials not_run
[generator_gate] task_002807_4481e93d nop r0 status=infra reward=None elapsed=0.0s remaining=10769s
[generator_gate] task_002807_4481e93d warmup trial infra; recording 1 remaining trials not_run
[generator_gate] task_006267_d59183bb nop r0 status=infra reward=None elapsed=0.0s remaining=10768s
[generator_gate] task_006267_d59183bb warmup trial infra; recording 1 remaining trials not_run
[generator_gate] task_004170_692c571c nop r0 status=infra reward=None elapsed=0.1s remaining=10768s
[generator_gate] task_004170_692c571c warmup trial infra; recording 1 remaining trials not_run
[generator_gate] task_005356_55bade48 nop r0 status=infra reward=None elapsed=0.0s remaining=10767s
[generator_gate] task_005356_55bade48 warmup trial infra; recording 1 remaining trials not_run
[generator_gate] task_004183_e1af4a41 nop r0 status=infra reward=None elapsed=0.0s remaining=10767s
[generator_gate] task_004183_e1af4a41 warmup trial infra; recording 1 remaining trials not_run
[generator_gate] task_007569_80e8493b nop r0 status=infra reward=None elapsed=0.1s remaining=10767s
[generator_gate] task_007569_80e8493b warmup trial infra; recording 1 remaining trials not_run
[generator_gate] task_001648_7b569fec nop r0 status=infra reward=None elapsed=0.0s remaining=10766s
[generator_gate] task_001648_7b569fec warmup trial infra; recording 1 remaining trials not_run
[generator_gate] task_005016_6611fa59 nop r0 status=infra reward=None elapsed=0.0s remaining=10766s
[generator_gate] task_005016_6611fa59 warmup trial infra; recording 1 remaining trials not_run
[generator_gate] task_006860_40378c1b nop r0 status=infra reward=None elapsed=0.0s remaining=10765s
[generator_gate] task_006860_40378c1b warmup trial infra; recording 1 remaining trials not_run
[generator_gate] task_002841_3d5be351 nop r0 status=infra reward=None elapsed=0.2s remaining=10764s
[generator_gate] task_002841_3d5be351 warmup trial infra; recording 1 remaining trials not_run
[generator_gate] task_006513_c7533793 nop r0 status=infra reward=None elapsed=0.2s remaining=10763s
[generator_gate] task_006513_c7533793 warmup trial infra; recording 1 remaining trials not_run
[generator_gate] task_003922_f7fc7009 nop r0 status=infra reward=None elapsed=0.0s remaining=10761s
[generator_gate] task_003922_f7fc7009 warmup trial infra; recording 1 remaining trials not_run
[generator_gate] task_002143_42073ee5 nop r0 status=infra reward=None elapsed=0.1s remaining=10761s
[generator_gate] task_002143_42073ee5 warmup trial infra; recording 1 remaining trials not_run
[generator_gate] task_001981_4750ff2b nop r0 status=infra reward=None elapsed=0.3s remaining=10760s
[generator_gate] task_001981_4750ff2b warmup trial infra; recording 1 remaining trials not_run
[generator_gate] task_003888_e6eb8949 nop r0 status=infra reward=None elapsed=0.0s remaining=10760s
[generator_gate] task_003888_e6eb8949 warmup trial infra; recording 1 remaining trials not_run
[generator_gate] task_002761_be3d4039 nop r0 status=infra reward=None elapsed=0.0s remaining=10760s
[generator_gate] task_002761_be3d4039 warmup trial infra; recording 1 remaining trials not_run
[generator_gate] task_001892_ca8a001d nop r0 status=infra reward=None elapsed=0.0s remaining=10759s
[generator_gate] task_001892_ca8a001d warmup trial infra; recording 1 remaining trials not_run
[generator_gate] task_001771_70e7fb60 nop r0 status=infra reward=None elapsed=0.0s remaining=10758s
[generator_gate] task_001771_70e7fb60 warmup trial infra; recording 1 remaining trials not_run
[generator_gate] prune after 60 tasks: images=0B builder=0B
[generator_gate] task_003997_6ef9d786 nop r0 status=infra reward=None elapsed=0.0s remaining=10754s
[generator_gate] task_003997_6ef9d786 warmup trial infra; recording 1 remaining trials not_run
[generator_gate] task_003366_2d218a78 nop r0 status=infra reward=None elapsed=0.1s remaining=10753s
[generator_gate] task_003366_2d218a78 warmup trial infra; recording 1 remaining trials not_run
[generator_gate] task_004406_e52e9f26 nop r0 status=infra reward=None elapsed=0.0s remaining=10753s
[generator_gate] task_004406_e52e9f26 warmup trial infra; recording 1 remaining trials not_run
[generator_gate] task_003167_e64fe054 nop r0 status=infra reward=None elapsed=0.0s remaining=10752s
[generator_gate] task_003167_e64fe054 warmup trial infra; recording 1 remaining trials not_run
[generator_gate] task_002343_a62e9721 nop r0 status=infra reward=None elapsed=0.0s remaining=10751s
[generator_gate] task_002343_a62e9721 warmup trial infra; recording 1 remaining trials not_run
[generator_gate] task_002101_523eecfb nop r0 status=infra reward=None elapsed=0.0s remaining=10749s
[generator_gate] task_002101_523eecfb warmup trial infra; recording 1 remaining trials not_run
[generator_gate] task_009295_e874c529 nop r0 status=infra reward=None elapsed=0.0s remaining=10749s
[generator_gate] task_009295_e874c529 warmup trial infra; recording 1 remaining trials not_run
[generator_gate] task_004951_d9e795a8 nop r0 status=infra reward=None elapsed=0.0s remaining=10748s
[generator_gate] task_004951_d9e795a8 warmup trial infra; recording 1 remaining trials not_run
[generator_gate] task_004818_1269eafd nop r0 status=infra reward=None elapsed=0.0s remaining=10747s
[generator_gate] task_004818_1269eafd warmup trial infra; recording 1 remaining trials not_run
[generator_gate] task_000707_388c61bf nop r0 status=infra reward=None elapsed=0.0s remaining=10746s
[generator_gate] task_000707_388c61bf warmup trial infra; recording 1 remaining trials not_run
[generator_gate] task_004588_128fe7d3 nop r0 status=infra reward=None elapsed=0.0s remaining=10746s
[generator_gate] task_004588_128fe7d3 warmup trial infra; recording 1 remaining trials not_run
[generator_gate] task_003858_bd0a8990 nop r0 status=infra reward=None elapsed=0.0s remaining=10745s
[generator_gate] task_003858_bd0a8990 warmup trial infra; recording 1 remaining trials not_run
[generator_gate] task_000619_4b1e6e5b nop r0 status=infra reward=None elapsed=0.0s remaining=10744s
[generator_gate] task_000619_4b1e6e5b warmup trial infra; recording 1 remaining trials not_run
[generator_gate] task_003372_fdb7a1a5 nop r0 status=infra reward=None elapsed=0.1s remaining=10743s
[generator_gate] task_003372_fdb7a1a5 warmup trial infra; recording 1 remaining trials not_run
[generator_gate] task_009668_1da5a58e nop r0 status=infra reward=None elapsed=0.0s remaining=10742s
[generator_gate] task_009668_1da5a58e warmup trial infra; recording 1 remaining trials not_run
[generator_gate] task_005248_58655d21 nop r0 status=infra reward=None elapsed=0.1s remaining=10741s
[generator_gate] task_005248_58655d21 warmup trial infra; recording 1 remaining trials not_run
[generator_gate] task_000766_d807ec60 nop r0 status=infra reward=None elapsed=0.0s remaining=10741s
[generator_gate] task_000766_d807ec60 warmup trial infra; recording 1 remaining trials not_run
[generator_gate] task_004013_2bc3f179 nop r0 status=infra reward=None elapsed=0.2s remaining=10740s
[generator_gate] task_004013_2bc3f179 warmup trial infra; recording 1 remaining trials not_run
[generator_gate] task_001607_08572079 nop r0 status=infra reward=None elapsed=0.1s remaining=10740s
[generator_gate] task_001607_08572079 warmup trial infra; recording 1 remaining trials not_run
[generator_gate] task_004000_ccb27842 nop r0 status=infra reward=None elapsed=0.1s remaining=10739s
[generator_gate] task_004000_ccb27842 warmup trial infra; recording 1 remaining trials not_run
[generator_gate] prune after 80 tasks: images=0B builder=0B
[generator_gate] task_002131_2130e3f5 nop r0 status=infra reward=None elapsed=0.0s remaining=10736s
[generator_gate] task_002131_2130e3f5 warmup trial infra; recording 1 remaining trials not_run
[generator_gate] task_007597_fa9997bb nop r0 status=infra reward=None elapsed=0.0s remaining=10735s
[generator_gate] task_007597_fa9997bb warmup trial infra; recording 1 remaining trials not_run
[generator_gate] task_005222_8347f735 nop r0 status=infra reward=None elapsed=0.0s remaining=10734s
[generator_gate] task_005222_8347f735 warmup trial infra; recording 1 remaining trials not_run
[generator_gate] task_000216_b6246864 nop r0 status=infra reward=None elapsed=0.0s remaining=10733s
[generator_gate] task_000216_b6246864 warmup trial infra; recording 1 remaining trials not_run
[generator_gate] task_000885_d5b89404 nop r0 status=infra reward=None elapsed=0.0s remaining=10733s
[generator_gate] task_000885_d5b89404 warmup trial infra; recording 1 remaining trials not_run
[generator_gate] task_005058_2d95d384 nop r0 status=infra reward=None elapsed=0.0s remaining=10733s
[generator_gate] task_005058_2d95d384 warmup trial infra; recording 1 remaining trials not_run
[generator_gate] task_003826_259ae829 nop r0 status=infra reward=None elapsed=0.0s remaining=10732s
[generator_gate] task_003826_259ae829 warmup trial infra; recording 1 remaining trials not_run
[generator_gate] task_007169_83929304 nop r0 status=infra reward=None elapsed=0.0s remaining=10732s
[generator_gate] task_007169_83929304 warmup trial infra; recording 1 remaining trials not_run
[generator_gate] task_008540_a95835ab nop r0 status=infra reward=None elapsed=0.2s remaining=10731s
[generator_gate] task_008540_a95835ab warmup trial infra; recording 1 remaining trials not_run
[generator_gate] task_000812_72e31313 nop r0 status=infra reward=None elapsed=0.0s remaining=10731s
[generator_gate] task_000812_72e31313 warmup trial infra; recording 1 remaining trials not_run
[generator_gate] task_003928_9ca30510 nop r0 status=infra reward=None elapsed=0.0s remaining=10730s
[generator_gate] task_003928_9ca30510 warmup trial infra; recording 1 remaining trials not_run
[generator_gate] task_004356_8dd86798 nop r0 status=infra reward=None elapsed=0.0s remaining=10730s
[generator_gate] task_004356_8dd86798 warmup trial infra; recording 1 remaining trials not_run
[generator_gate] task_004471_879ba964 nop r0 status=infra reward=None elapsed=0.0s remaining=10729s
[generator_gate] task_004471_879ba964 warmup trial infra; recording 1 remaining trials not_run
[generator_gate] task_002063_3ef26d00 nop r0 status=infra reward=None elapsed=0.0s remaining=10729s
[generator_gate] task_002063_3ef26d00 warmup trial infra; recording 1 remaining trials not_run
[generator_gate] task_006348_b248275f nop r0 status=infra reward=None elapsed=0.0s remaining=10728s
[generator_gate] task_006348_b248275f warmup trial infra; recording 1 remaining trials not_run
[generator_gate] task_001511_057fdc97 nop r0 status=infra reward=None elapsed=0.0s remaining=10728s
[generator_gate] task_001511_057fdc97 warmup trial infra; recording 1 remaining trials not_run
[generator_gate] task_000188_16ababdf nop r0 status=infra reward=None elapsed=0.1s remaining=10727s
[generator_gate] task_000188_16ababdf warmup trial infra; recording 1 remaining trials not_run
[generator_gate] task_004515_16e158b6 nop r0 status=infra reward=None elapsed=0.1s remaining=10727s
[generator_gate] task_004515_16e158b6 warmup trial infra; recording 1 remaining trials not_run
[generator_gate] task_004318_22df19f0 nop r0 status=infra reward=None elapsed=0.1s remaining=10726s
[generator_gate] task_004318_22df19f0 warmup trial infra; recording 1 remaining trials not_run
[generator_gate] task_006176_09906d38 nop r0 status=infra reward=None elapsed=0.0s remaining=10725s
[generator_gate] task_006176_09906d38 warmup trial infra; recording 1 remaining trials not_run
[generator_gate] prune after 100 tasks: images=0B builder=0B
[generator_gate] task_000076_ad1c5cc9 nop r0 status=infra reward=None elapsed=0.0s remaining=10724s
[generator_gate] task_000076_ad1c5cc9 warmup trial infra; recording 1 remaining trials not_run
[generator_gate] task_004192_8a29616e nop r0 status=infra reward=None elapsed=0.0s remaining=10722s
[generator_gate] task_004192_8a29616e warmup trial infra; recording 1 remaining trials not_run
[generator_gate] task_001375_d6d92c20 nop r0 status=infra reward=None elapsed=0.0s remaining=10722s
[generator_gate] task_001375_d6d92c20 warmup trial infra; recording 1 remaining trials not_run
[generator_gate] task_006392_1a2d78f6 nop r0 status=infra reward=None elapsed=0.0s remaining=10721s
[generator_gate] task_006392_1a2d78f6 warmup trial infra; recording 1 remaining trials not_run
[generator_gate] task_001547_120f4daf nop r0 status=infra reward=None elapsed=0.0s remaining=10721s
[generator_gate] task_001547_120f4daf warmup trial infra; recording 1 remaining trials not_run
[generator_gate] task_001444_1af97149 nop r0 status=infra reward=None elapsed=0.0s remaining=10720s
[generator_gate] task_001444_1af97149 warmup trial infra; recording 1 remaining trials not_run
[generator_gate] task_004862_9e66742a nop r0 status=infra reward=None elapsed=0.1s remaining=10720s
[generator_gate] task_004862_9e66742a warmup trial infra; recording 1 remaining trials not_run
[generator_gate] task_000219_29fc23c7 nop r0 status=infra reward=None elapsed=0.2s remaining=10719s
[generator_gate] task_000219_29fc23c7 warmup trial infra; recording 1 remaining trials not_run
[generator_gate] task_004091_1d1ce688 nop r0 status=infra reward=None elapsed=0.1s remaining=10719s
[generator_gate] task_004091_1d1ce688 warmup trial infra; recording 1 remaining trials not_run
[generator_gate] task_002110_3e04e694 nop r0 status=infra reward=None elapsed=0.0s remaining=10718s
[generator_gate] task_002110_3e04e694 warmup trial infra; recording 1 remaining trials not_run
[generator_gate] task_003371_e13b5e08 nop r0 status=infra reward=None elapsed=0.0s remaining=10717s
[generator_gate] task_003371_e13b5e08 warmup trial infra; recording 1 remaining trials not_run
[generator_gate] task_001859_cef150b3 nop r0 status=infra reward=None elapsed=0.1s remaining=10717s
[generator_gate] task_001859_cef150b3 warmup trial infra; recording 1 remaining trials not_run
[generator_gate] task_001817_6248aacd nop r0 status=infra reward=None elapsed=0.0s remaining=10716s
[generator_gate] task_001817_6248aacd warmup trial infra; recording 1 remaining trials not_run
[generator_gate] task_001301_f098af56 nop r0 status=infra reward=None elapsed=0.0s remaining=10715s
[generator_gate] task_001301_f098af56 warmup trial infra; recording 1 remaining trials not_run
[generator_gate] task_000032_a50f9293 nop r0 status=infra reward=None elapsed=0.0s remaining=10714s
[generator_gate] task_000032_a50f9293 warmup trial infra; recording 1 remaining trials not_run
[generator_gate] task_000030_c664bb08 nop r0 status=infra reward=None elapsed=0.0s remaining=10714s
[generator_gate] task_000030_c664bb08 warmup trial infra; recording 1 remaining trials not_run
[generator_gate] task_001012_8cb760b1 nop r0 status=infra reward=None elapsed=0.0s remaining=10713s
[generator_gate] task_001012_8cb760b1 warmup trial infra; recording 1 remaining trials not_run
[generator_gate] task_002283_d0dd63ee nop r0 status=infra reward=None elapsed=0.0s remaining=10712s
[generator_gate] task_002283_d0dd63ee warmup trial infra; recording 1 remaining trials not_run
[generator_gate] task_008396_b074a13c nop r0 status=infra reward=None elapsed=0.0s remaining=10711s
[generator_gate] task_008396_b074a13c warmup trial infra; recording 1 remaining trials not_run
[generator_gate] task_004889_40f143e5 nop r0 status=infra reward=None elapsed=0.0s remaining=10710s
[generator_gate] task_004889_40f143e5 warmup trial infra; recording 1 remaining trials not_run
[generator_gate] prune after 120 tasks: images=0B builder=0B
[generator_gate] task_002784_958bbbbb nop r0 status=infra reward=None elapsed=0.0s remaining=10707s
[generator_gate] task_002784_958bbbbb warmup trial infra; recording 1 remaining trials not_run
[generator_gate] task_001835_b7c371ea nop r0 status=infra reward=None elapsed=0.0s remaining=10706s
[generator_gate] task_001835_b7c371ea warmup trial infra; recording 1 remaining trials not_run
[generator_gate] task_001830_8bc54968 nop r0 status=infra reward=None elapsed=0.0s remaining=10705s
[generator_gate] task_001830_8bc54968 warmup trial infra; recording 1 remaining trials not_run
[generator_gate] task_000273_62065f1c nop r0 status=infra reward=None elapsed=0.0s remaining=10705s
[generator_gate] task_000273_62065f1c warmup trial infra; recording 1 remaining trials not_run
[generator_gate] task_007363_7d8aa69f nop r0 status=infra reward=None elapsed=0.0s remaining=10705s
[generator_gate] task_007363_7d8aa69f warmup trial infra; recording 1 remaining trials not_run
[generator_gate] task_009604_bf89a3a5 nop r0 status=infra reward=None elapsed=0.0s remaining=10704s
[generator_gate] task_009604_bf89a3a5 warmup trial infra; recording 1 remaining trials not_run
[generator_gate] task_004326_e4bdf01e nop r0 status=infra reward=None elapsed=0.0s remaining=10704s
[generator_gate] task_004326_e4bdf01e warmup trial infra; recording 1 remaining trials not_run
[generator_gate] task_000885_20adfe7f nop r0 status=infra reward=None elapsed=0.0s remaining=10703s
[generator_gate] task_000885_20adfe7f warmup trial infra; recording 1 remaining trials not_run
[generator_gate] task_000497_b5f3aa70 nop r0 status=infra reward=None elapsed=0.0s remaining=10702s
[generator_gate] task_000497_b5f3aa70 warmup trial infra; recording 1 remaining trials not_run
[generator_gate] task_003637_9e32e900 nop r0 status=infra reward=None elapsed=0.0s remaining=10702s
[generator_gate] task_003637_9e32e900 warmup trial infra; recording 1 remaining trials not_run
[generator_gate] task_008407_dec5db65 nop r0 status=infra reward=None elapsed=0.0s remaining=10701s
[generator_gate] task_008407_dec5db65 warmup trial infra; recording 1 remaining trials not_run
[generator_gate] task_003147_6b0256b2 nop r0 status=infra reward=None elapsed=0.0s remaining=10701s
[generator_gate] task_003147_6b0256b2 warmup trial infra; recording 1 remaining trials not_run
[generator_gate] task_003538_91adc8ea nop r0 status=infra reward=None elapsed=0.0s remaining=10700s
[generator_gate] task_003538_91adc8ea warmup trial infra; recording 1 remaining trials not_run
[generator_gate] task_004940_5066ebb6 nop r0 status=infra reward=None elapsed=0.0s remaining=10699s
[generator_gate] task_004940_5066ebb6 warmup trial infra; recording 1 remaining trials not_run
[generator_gate] task_002660_c466c2d8 nop r0 status=infra reward=None elapsed=0.0s remaining=10699s
[generator_gate] task_002660_c466c2d8 warmup trial infra; recording 1 remaining trials not_run
[generator_gate] task_001776_0461a512 nop r0 status=infra reward=None elapsed=0.0s remaining=10699s
[generator_gate] task_001776_0461a512 warmup trial infra; recording 1 remaining trials not_run
[generator_gate] task_000554_797d9d3f nop r0 status=infra reward=None elapsed=0.0s remaining=10698s
[generator_gate] task_000554_797d9d3f warmup trial infra; recording 1 remaining trials not_run
[generator_gate] task_003048_32e3be67 nop r0 status=infra reward=None elapsed=0.0s remaining=10698s
[generator_gate] task_003048_32e3be67 warmup trial infra; recording 1 remaining trials not_run
[generator_gate] task_001198_0176baef nop r0 status=infra reward=None elapsed=0.1s remaining=10697s
[generator_gate] task_001198_0176baef warmup trial infra; recording 1 remaining trials not_run
[generator_gate] task_007118_97980ae5 nop r0 status=infra reward=None elapsed=0.0s remaining=10696s
[generator_gate] task_007118_97980ae5 warmup trial infra; recording 1 remaining trials not_run
=== restart: first attempt died on missing PATH (harbor not found); rows wiped, manifest unchanged 2026-09-14T12:48:53-04:00
[generator_gate] tasks=200 k=2 probes=['nop'] concurrency=3 resume_rows=0 done=0 budget_sec=10800.0
[generator_gate] task_002045_3c26703c nop r0 status=executed reward=0.0 elapsed=448.0s remaining=10351s
[generator_gate] task_002045_3c26703c nop r1 status=executed reward=0.0 elapsed=106.6s remaining=10245s
[generator_gate] task_002725_cb5037b6 nop r0 status=executed reward=0.0 elapsed=105.8s remaining=10139s
[generator_gate] task_002725_cb5037b6 nop r1 status=executed reward=0.0 elapsed=60.9s remaining=10078s
[generator_gate] task_001594_36c21edd nop r0 status=executed reward=0.0 elapsed=111.4s remaining=9965s
[generator_gate] task_001594_36c21edd nop r1 status=executed reward=0.0 elapsed=105.9s remaining=9859s
[generator_gate] task_004343_8b5081b2 nop r0 status=executed reward=0.0 elapsed=156.5s remaining=9703s
[generator_gate] task_004343_8b5081b2 nop r1 status=executed reward=0.0 elapsed=55.1s remaining=9647s
[generator_gate] task_006017_acc4bc66 nop r0 status=executed reward=0.0 elapsed=115.4s remaining=9532s
[generator_gate] task_006017_acc4bc66 nop r1 status=executed reward=0.0 elapsed=35.0s remaining=9497s
[generator_gate] task_003726_c2552920 nop r0 status=executed reward=0.0 elapsed=80.0s remaining=9417s
[generator_gate] task_003726_c2552920 nop r1 status=executed reward=0.0 elapsed=50.0s remaining=9367s
[generator_gate] task_008829_2b4b817b nop r0 status=executed reward=0.0 elapsed=106.7s remaining=9260s
[generator_gate] task_008829_2b4b817b nop r1 status=executed reward=0.0 elapsed=56.4s remaining=9203s
[generator_gate] task_000532_575eee22 nop r0 status=executed reward=0.0 elapsed=142.0s remaining=9061s
[generator_gate] task_000532_575eee22 nop r1 status=executed reward=0.0 elapsed=66.1s remaining=8995s
[generator_gate] task_005094_abe2e70b nop r0 status=executed reward=0.0 elapsed=134.1s remaining=8860s
[generator_gate] task_005094_abe2e70b nop r1 status=executed reward=0.0 elapsed=111.2s remaining=8749s
[generator_gate] task_009275_0b5d5722 nop r0 status=executed reward=0.0 elapsed=110.7s remaining=8637s
[generator_gate] task_009275_0b5d5722 nop r1 status=executed reward=0.0 elapsed=45.2s remaining=8592s
[generator_gate] task_009647_3082b9e1 nop r0 status=executed reward=0.0 elapsed=105.6s remaining=8486s
[generator_gate] task_009647_3082b9e1 nop r1 status=executed reward=0.0 elapsed=50.6s remaining=8435s
[generator_gate] task_009718_861ca607 nop r0 status=executed reward=0.0 elapsed=162.8s remaining=8272s
[generator_gate] task_009718_861ca607 nop r1 status=executed reward=0.0 elapsed=70.5s remaining=8201s
[generator_gate] task_007924_caa5f4f1 nop r0 status=executed reward=0.0 elapsed=115.7s remaining=8085s
[generator_gate] task_007924_caa5f4f1 nop r1 status=executed reward=0.0 elapsed=56.3s remaining=8029s
[generator_gate] task_001609_5d493d1b nop r0 status=executed reward=0.0 elapsed=136.4s remaining=7892s
[generator_gate] task_001609_5d493d1b nop r1 status=executed reward=0.0 elapsed=105.9s remaining=7786s
[generator_gate] task_001554_6e88d897 nop r0 status=executed reward=0.0 elapsed=132.7s remaining=7653s
[generator_gate] task_001554_6e88d897 nop r1 status=executed reward=0.0 elapsed=113.0s remaining=7540s
[generator_gate] task_003975_20f9eab3 nop r0 status=executed reward=0.0 elapsed=153.2s remaining=7386s
[generator_gate] task_003975_20f9eab3 nop r1 status=executed reward=0.0 elapsed=56.1s remaining=7330s
[generator_gate] task_003631_31f94388 nop r0 status=executed reward=0.0 elapsed=132.1s remaining=7197s
[generator_gate] task_003631_31f94388 nop r1 status=executed reward=0.0 elapsed=60.9s remaining=7136s
[generator_gate] task_004712_32dc6239 nop r0 status=executed reward=0.0 elapsed=142.6s remaining=6993s
[generator_gate] task_004712_32dc6239 nop r1 status=executed reward=0.0 elapsed=116.1s remaining=6876s
[generator_gate] task_009473_f7543217 nop r0 status=executed reward=0.0 elapsed=137.7s remaining=6738s
[generator_gate] task_009473_f7543217 nop r1 status=executed reward=0.0 elapsed=50.5s remaining=6688s
[generator_gate] task_004713_0c912639 nop r0 status=executed reward=0.0 elapsed=128.4s remaining=6559s
[generator_gate] task_004713_0c912639 nop r1 status=executed reward=0.0 elapsed=55.4s remaining=6504s
[generator_gate] prune after 20 tasks: images=0B builder=17270000000B
[generator_gate] task_005391_5c91b8dd nop r0 status=executed reward=0.0 elapsed=456.8s remaining=6028s
[generator_gate] task_005391_5c91b8dd nop r1 status=executed reward=0.0 elapsed=106.7s remaining=5921s
[generator_gate] task_004376_f51c10c3 nop r0 status=executed reward=0.0 elapsed=122.0s remaining=5797s
[generator_gate] task_004376_f51c10c3 nop r1 status=executed reward=0.0 elapsed=55.7s remaining=5741s
[generator_gate] task_007249_03ed8fb2 nop r0 status=executed reward=0.0 elapsed=141.6s remaining=5600s
[generator_gate] task_007249_03ed8fb2 nop r1 status=executed reward=0.0 elapsed=60.3s remaining=5539s
[generator_gate] task_009052_81353dab nop r0 status=executed reward=0.0 elapsed=121.5s remaining=5417s
[generator_gate] task_009052_81353dab nop r1 status=executed reward=0.0 elapsed=55.8s remaining=5361s
[generator_gate] task_004065_fd6d88b4 nop r0 status=executed reward=0.0 elapsed=116.0s remaining=5245s
[generator_gate] task_004065_fd6d88b4 nop r1 status=executed reward=0.0 elapsed=50.6s remaining=5194s
[generator_gate] task_008032_1f391d8f nop r0 status=executed reward=0.0 elapsed=116.9s remaining=5075s
[generator_gate] task_008032_1f391d8f nop r1 status=executed reward=0.0 elapsed=50.2s remaining=5025s
[generator_gate] task_002520_fd68c110 nop r0 status=executed reward=0.0 elapsed=130.5s remaining=4894s
[generator_gate] task_002520_fd68c110 nop r1 status=executed reward=0.0 elapsed=131.7s remaining=4762s
[generator_gate] task_008001_d7f63bcc nop r0 status=executed reward=0.0 elapsed=106.8s remaining=4655s
[generator_gate] task_008001_d7f63bcc nop r1 status=executed reward=0.0 elapsed=55.4s remaining=4600s
[generator_gate] task_001234_485198ca nop r0 status=executed reward=0.0 elapsed=141.6s remaining=4458s
[generator_gate] task_001234_485198ca nop r1 status=executed reward=0.0 elapsed=107.1s remaining=4351s
[generator_gate] task_008536_f043fa1c nop r0 status=executed reward=0.0 elapsed=172.9s remaining=4178s
[generator_gate] task_008536_f043fa1c nop r1 status=executed reward=0.0 elapsed=55.6s remaining=4122s
[generator_gate] task_003576_8ed45a61 nop r0 status=executed reward=0.0 elapsed=133.7s remaining=3988s
[generator_gate] task_003576_8ed45a61 nop r1 status=executed reward=0.0 elapsed=111.4s remaining=3876s
[generator_gate] task_000864_f2382f56 nop r0 status=executed reward=0.0 elapsed=166.9s remaining=3709s
[generator_gate] task_000864_f2382f56 nop r1 status=executed reward=0.0 elapsed=80.4s remaining=3629s
[generator_gate] task_001664_4ac13a50 nop r0 status=executed reward=0.0 elapsed=176.2s remaining=3451s
[generator_gate] task_001664_4ac13a50 nop r1 status=executed reward=0.0 elapsed=65.1s remaining=3386s
[generator_gate] task_006361_f2db0da6 nop r0 status=executed reward=0.0 elapsed=80.0s remaining=3306s
[generator_gate] task_006361_f2db0da6 nop r1 status=executed reward=0.0 elapsed=30.0s remaining=3276s
[generator_gate] task_003509_00fc3b28 nop r0 status=executed reward=0.0 elapsed=60.0s remaining=3216s
[generator_gate] task_003509_00fc3b28 nop r1 status=executed reward=0.0 elapsed=50.0s remaining=3166s
[generator_gate] task_001301_7ba47355 nop r0 status=executed reward=0.0 elapsed=60.0s remaining=3106s
[generator_gate] task_001301_7ba47355 nop r1 status=executed reward=0.0 elapsed=55.0s remaining=3051s
[generator_gate] task_004661_df88df92 nop r0 status=executed reward=0.0 elapsed=60.0s remaining=2991s
[generator_gate] task_004661_df88df92 nop r1 status=executed reward=0.0 elapsed=50.0s remaining=2941s
[generator_gate] task_000917_8c2a98b6 nop r0 status=executed reward=0.0 elapsed=106.0s remaining=2835s
[generator_gate] task_000917_8c2a98b6 nop r1 status=executed reward=0.0 elapsed=55.7s remaining=2778s
[generator_gate] task_000785_0e48509f nop r0 status=executed reward=0.0 elapsed=125.9s remaining=2652s
[generator_gate] task_000785_0e48509f nop r1 status=executed reward=0.0 elapsed=147.2s remaining=2505s
[generator_gate] task_009887_3b3d8380 nop r0 status=executed reward=0.0 elapsed=136.4s remaining=2368s
[generator_gate] task_009887_3b3d8380 nop r1 status=executed reward=0.0 elapsed=70.4s remaining=2297s
[generator_gate] prune after 40 tasks: images=0B builder=16360000000B
[generator_gate] task_009194_8706d052 nop r0 status=executed reward=0.0 elapsed=156.0s remaining=2123s
[generator_gate] task_009194_8706d052 nop r1 status=executed reward=0.0 elapsed=70.7s remaining=2052s
=== STOPPED 2026-09-14T15:17:31-04:00 by operator: the accepts-an-empty-solution defect class has fired 0 times in 956 probes across four populations, so a one-sided TMax bound on that class carries no information. Partial rows retained.
