[harbor_adapter_traj] data/harbor_adapters/aa-lcr/00003.parquet done rows=1055 in_scope=1055
[harbor_adapter_traj] data/harbor_adapters/aa-lcr/00000.parquet done rows=1771 in_scope=1771
[harbor_adapter_traj] data/harbor_adapters/aa-lcr/00001.parquet done rows=1925 in_scope=1925
[harbor_adapter_traj] data/harbor_adapters/aa-lcr/00002.parquet done rows=1914 in_scope=1914
[harbor_adapter_traj] data/harbor_adapters/aa-lcr/00006.parquet done rows=1246 in_scope=1246
[harbor_adapter_traj] data/harbor_adapters/aa-lcr/00004.parquet done rows=1796 in_scope=1796
[harbor_adapter_traj] data/harbor_adapters/aa-lcr/00005.parquet done rows=1333 in_scope=1333
[harbor_adapter_traj] data/harbor_adapters/aider-polyglot/00000.parquet done rows=4331 in_scope=4331
[harbor_adapter_traj] data/harbor_adapters/aider-polyglot/00001.parquet done rows=4262 in_scope=4262
[harbor_adapter_traj] data/harbor_adapters/aider-polyglot/00002.parquet done rows=4404 in_scope=4404
[harbor_adapter_traj] data/harbor_adapters/aider-polyglot/00006.parquet done rows=43 in_scope=43
[harbor_adapter_traj] data/harbor_adapters/aider-polyglot/00003.parquet done rows=4675 in_scope=4675
[harbor_adapter_traj] data/harbor_adapters/aime/00001.parquet done rows=135 in_scope=135
[harbor_adapter_traj] data/harbor_adapters/aider-polyglot/00004.parquet done rows=5818 in_scope=5818
[harbor_adapter_traj] data/harbor_adapters/algotune/00000.parquet done rows=1601 in_scope=1601
[harbor_adapter_traj] data/harbor_adapters/aider-polyglot/00005.parquet done rows=4553 in_scope=4553
[harbor_adapter_traj] data/harbor_adapters/aime/00000.parquet done rows=8011 in_scope=8011
[harbor_adapter_traj] data/harbor_adapters/algotune/00001.parquet done rows=1865 in_scope=1865
[harbor_adapter_traj] data/harbor_adapters/algotune/00002.parquet done rows=1968 in_scope=1968
[harbor_adapter_traj] data/harbor_adapters/algotune/00003.parquet done rows=1538 in_scope=1538
[harbor_adapter_traj] data/harbor_adapters/algotune/00004.parquet done rows=1760 in_scope=1760
[harbor_adapter_traj] data/harbor_adapters/algotune/00005.parquet done rows=1909 in_scope=1909
[harbor_adapter_traj] data/harbor_adapters/algotune/00006.parquet done rows=1443 in_scope=1443
[harbor_adapter_traj] data/harbor_adapters/algotune/00008.parquet done rows=530 in_scope=530
[harbor_adapter_traj] data/harbor_adapters/algotune/00007.parquet done rows=982 in_scope=982
[harbor_adapter_traj] data/harbor_adapters/algotune-rerun/00000.parquet done rows=160 in_scope=0
[harbor_adapter_traj] data/harbor_adapters/algotune/00009.parquet done rows=1006 in_scope=1006
[harbor_adapter_traj] data/harbor_adapters/algotune/00010.parquet done rows=1485 in_scope=1485
[harbor_adapter_traj] data/harbor_adapters/arc-agi-2/00001.parquet done rows=2203 in_scope=2203
[harbor_adapter_traj] data/harbor_adapters/algotune/00011.parquet done rows=1307 in_scope=1307
[harbor_adapter_traj] data/harbor_adapters/bigcodebench/00001.parquet done rows=269 in_scope=269
[harbor_adapter_traj] data/harbor_adapters/arc-agi-2/00000.parquet done rows=5894 in_scope=5894
[harbor_adapter_traj] data/harbor_adapters/bixbench/00000.parquet done rows=1316 in_scope=1316
[harbor_adapter_traj] data/harbor_adapters/bixbench/00001.parquet done rows=1563 in_scope=1563
[harbor_adapter_traj] data/harbor_adapters/bixbench/00002.parquet done rows=1705 in_scope=1705
[harbor_adapter_traj] data/harbor_adapters/bfcl/00000.parquet done rows=16639 in_scope=16639
[harbor_adapter_traj] data/harbor_adapters/codepde/00000.parquet done rows=495 in_scope=495
[harbor_adapter_traj] data/harbor_adapters/bixbench/00003.parquet done rows=1324 in_scope=1324
[harbor_adapter_traj] data/harbor_adapters/bixbench/00004.parquet done rows=700 in_scope=700
[harbor_adapter_traj] data/harbor_adapters/compilebench/00001.parquet done rows=401 in_scope=401
[harbor_adapter_traj] data/harbor_adapters/bigcodebench/00000.parquet done rows=15122 in_scope=15122
[harbor_adapter_traj] data/harbor_adapters/crmarena/00001.parquet done rows=3119 in_scope=0
[harbor_adapter_traj] data/harbor_adapters/compilebench/00000.parquet done rows=1604 in_scope=1604
[harbor_adapter_traj] data/harbor_adapters/crmarena/00000.parquet done rows=6734 in_scope=0
[harbor_adapter_traj] data/harbor_adapters/crustbench/00000.parquet done rows=1296 in_scope=1296
[harbor_adapter_traj] data/harbor_adapters/crustbench/00001.parquet done rows=1388 in_scope=1388
[harbor_adapter_traj] data/harbor_adapters/crustbench/00002.parquet done rows=1021 in_scope=1021
[harbor_adapter_traj] data/harbor_adapters/crustbench/00004.parquet done rows=710 in_scope=710
[harbor_adapter_traj] data/harbor_adapters/crustbench/00003.parquet done rows=944 in_scope=944
[harbor_adapter_traj] data/harbor_adapters/crustbench/00006.parquet done rows=905 in_scope=905
[harbor_adapter_traj] data/harbor_adapters/crustbench/00005.parquet done rows=836 in_scope=836
[harbor_adapter_traj] data/harbor_adapters/crustbench/00010.parquet done rows=188 in_scope=188
[harbor_adapter_traj] data/harbor_adapters/crustbench/00007.parquet done rows=1093 in_scope=1093
[harbor_adapter_traj] data/harbor_adapters/cybergym/00000.parquet done rows=624 in_scope=624
[harbor_adapter_traj] data/harbor_adapters/crustbench/00008.parquet done rows=914 in_scope=914
[harbor_adapter_traj] data/harbor_adapters/crustbench/00009.parquet done rows=913 in_scope=913
[harbor_adapter_traj] data/harbor_adapters/dacode/00001.parquet done rows=4835 in_scope=4835
[harbor_adapter_traj] data/harbor_adapters/dacode/00002.parquet done rows=4853 in_scope=4853
[harbor_adapter_traj] data/harbor_adapters/dacode/00000.parquet done rows=5729 in_scope=5729
[harbor_adapter_traj] data/harbor_adapters/dacode/00003.parquet done rows=6627 in_scope=6627
[harbor_adapter_traj] data/harbor_adapters/deepsynth/00001.parquet done rows=493 in_scope=493
[harbor_adapter_traj] data/harbor_adapters/deepsynth/00000.parquet done rows=727 in_scope=727
[harbor_adapter_traj] data/harbor_adapters/dacode/00004.parquet done rows=3250 in_scope=3250
[harbor_adapter_traj] data/harbor_adapters/deepsynth/00002.parquet done rows=533 in_scope=533
[harbor_adapter_traj] data/harbor_adapters/deepsynth/00003.parquet done rows=247 in_scope=247
[harbor_adapter_traj] data/harbor_adapters/deepsynth/00004.parquet done rows=427 in_scope=427
[harbor_adapter_traj] data/harbor_adapters/deepsynth/00006.parquet done rows=415 in_scope=415
[harbor_adapter_traj] data/harbor_adapters/deepsynth/00005.parquet done rows=324 in_scope=324
[harbor_adapter_traj] data/harbor_adapters/deepsynth/00007.parquet done rows=617 in_scope=617
[harbor_adapter_traj] data/harbor_adapters/deepsynth/00008.parquet done rows=450 in_scope=450
[harbor_adapter_traj] data/harbor_adapters/devopsgym/00000.parquet done rows=1309 in_scope=0
[harbor_adapter_traj] data/harbor_adapters/devopsgym/00001.parquet done rows=772 in_scope=0
[harbor_adapter_traj] data/harbor_adapters/devopsgym/00002.parquet done rows=566 in_scope=0
[harbor_adapter_traj] data/harbor_adapters/devopsgym/00006.parquet done rows=145 in_scope=0
[harbor_adapter_traj] data/harbor_adapters/devopsgym/00003.parquet done rows=487 in_scope=0
[harbor_adapter_traj] data/harbor_adapters/devopsgym/00004.parquet done rows=1303 in_scope=0
[harbor_adapter_traj] data/harbor_adapters/devopsgym/00005.parquet done rows=848 in_scope=0
[harbor_adapter_traj] data/harbor_adapters/featbench/00000.parquet done rows=805 in_scope=0
[harbor_adapter_traj] data/harbor_adapters/ds-1000/00000.parquet done rows=3078 in_scope=0
[harbor_adapter_traj] data/harbor_adapters/featbench/00001.parquet done rows=644 in_scope=0
[harbor_adapter_traj] data/harbor_adapters/featbench/00002.parquet done rows=690 in_scope=0
[harbor_adapter_traj] data/harbor_adapters/featbench/00003.parquet done rows=870 in_scope=0
[harbor_adapter_traj] data/harbor_adapters/featbench/00005.parquet done rows=344 in_scope=0
[harbor_adapter_traj] data/harbor_adapters/featbench/00004.parquet done rows=349 in_scope=0
[harbor_adapter_traj] data/harbor_adapters/featbench/00006.parquet done rows=686 in_scope=0
[harbor_adapter_traj] data/harbor_adapters/featbench/00007.parquet done rows=455 in_scope=0
[harbor_adapter_traj] data/harbor_adapters/featurebench-modal/00001.parquet done rows=208 in_scope=208
[harbor_adapter_traj] data/harbor_adapters/featurebench-modal/00000.parquet done rows=450 in_scope=450
[harbor_adapter_traj] data/harbor_adapters/featurebench-modal/00002.parquet done rows=210 in_scope=210
[harbor_adapter_traj] data/harbor_adapters/featurebench-modal/00003.parquet done rows=305 in_scope=305
[harbor_adapter_traj] data/harbor_adapters/featurebench-modal/00004.parquet done rows=225 in_scope=225
[harbor_adapter_traj] data/harbor_adapters/featurebench-modal/00005.parquet done rows=424 in_scope=424
[harbor_adapter_traj] data/harbor_adapters/featurebench-modal/00006.parquet done rows=438 in_scope=438
[harbor_adapter_traj] data/harbor_adapters/featurebench-modal/00007.parquet done rows=651 in_scope=651
[harbor_adapter_traj] data/harbor_adapters/featurebench-modal/00008.parquet done rows=910 in_scope=910
[harbor_adapter_traj] data/harbor_adapters/featurebench-modal/00009.parquet done rows=647 in_scope=647
[harbor_adapter_traj] data/harbor_adapters/featurebench-modal/00010.parquet done rows=509 in_scope=509
[harbor_adapter_traj] data/harbor_adapters/featurebench-modal/00011.parquet done rows=569 in_scope=569
[harbor_adapter_traj] data/harbor_adapters/featurebench-modal/00012.parquet done rows=718 in_scope=718
[harbor_adapter_traj] data/harbor_adapters/featurebench-modal/00014.parquet done rows=927 in_scope=927
[harbor_adapter_traj] data/harbor_adapters/featurebench-modal/00013.parquet done rows=842 in_scope=842
[harbor_adapter_traj] data/harbor_adapters/featurebench-modal/00015.parquet done rows=627 in_scope=627
[harbor_adapter_traj] data/harbor_adapters/featurebench-modal/00016.parquet done rows=602 in_scope=602
[harbor_adapter_traj] data/harbor_adapters/featurebench-modal/00017.parquet done rows=618 in_scope=618
[harbor_adapter_traj] data/harbor_adapters/featurebench-modal/00018.parquet done rows=614 in_scope=614
[harbor_adapter_traj] data/harbor_adapters/featurebench-modal/00019.parquet done rows=883 in_scope=883
[harbor_adapter_traj] data/harbor_adapters/featurebench-modal/00020.parquet done rows=568 in_scope=568
[harbor_adapter_traj] data/harbor_adapters/featurebench-modal/00022.parquet done rows=716 in_scope=716
[harbor_adapter_traj] data/harbor_adapters/featurebench-modal/00021.parquet done rows=776 in_scope=776
[harbor_adapter_traj] data/harbor_adapters/featurebench-modal/00023.parquet done rows=630 in_scope=630
[harbor_adapter_traj] data/harbor_adapters/featurebench-modal/00024.parquet done rows=488 in_scope=488
[harbor_adapter_traj] data/harbor_adapters/featurebench-modal/00025.parquet done rows=443 in_scope=443
[harbor_adapter_traj] data/harbor_adapters/featurebench-modal/00026.parquet done rows=715 in_scope=715
[harbor_adapter_traj] data/harbor_adapters/featurebench-modal/00027.parquet done rows=626 in_scope=626
[harbor_adapter_traj] data/harbor_adapters/featurebench-modal/00028.parquet done rows=422 in_scope=422
[harbor_adapter_traj] data/harbor_adapters/financeagent_terminal/00000.parquet done rows=698 in_scope=698
[harbor_adapter_traj] data/harbor_adapters/financeagent_terminal/00001.parquet done rows=699 in_scope=699
[harbor_adapter_traj] data/harbor_adapters/financeagent_terminal/00002.parquet done rows=528 in_scope=528
[harbor_adapter_traj] data/harbor_adapters/financeagent_terminal/00003.parquet done rows=708 in_scope=708
[harbor_adapter_traj] data/harbor_adapters/financeagent_terminal/00004.parquet done rows=536 in_scope=536
[harbor_adapter_traj] data/harbor_adapters/financeagent_terminal/00005.parquet done rows=801 in_scope=801
[harbor_adapter_traj] data/harbor_adapters/financeagent_terminal/00006.parquet done rows=636 in_scope=636
[harbor_adapter_traj] data/harbor_adapters/financeagent_terminal/00007.parquet done rows=538 in_scope=538
[harbor_adapter_traj] data/harbor_adapters/gaia/00001.parquet done rows=3621 in_scope=3621
[harbor_adapter_traj] data/harbor_adapters/gaia/00002.parquet done rows=2241 in_scope=2241
[harbor_adapter_traj] data/harbor_adapters/gaia/00003.parquet done rows=1996 in_scope=1996
[harbor_adapter_traj] data/harbor_adapters/gaia/00000.parquet done rows=2028 in_scope=2028
[harbor_adapter_traj] data/harbor_adapters/gaia/00004.parquet done rows=1500 in_scope=1500
[harbor_adapter_traj] data/harbor_adapters/gaia/00006.parquet done rows=2283 in_scope=2283
[harbor_adapter_traj] data/harbor_adapters/gaia/00005.parquet done rows=2722 in_scope=2722
[harbor_adapter_traj] data/harbor_adapters/gaia2/00000.parquet done rows=904 in_scope=904
[harbor_adapter_traj] data/harbor_adapters/gaia2/00001.parquet done rows=851 in_scope=851
[harbor_adapter_traj] data/harbor_adapters/gaia2/00002.parquet done rows=877 in_scope=877
[harbor_adapter_traj] data/harbor_adapters/gaia2/00003.parquet done rows=1007 in_scope=1007
[harbor_adapter_traj] data/harbor_adapters/gaia2/00004.parquet done rows=980 in_scope=980
[harbor_adapter_traj] data/harbor_adapters/gaia2/00005.parquet done rows=742 in_scope=742
[harbor_adapter_traj] data/harbor_adapters/gaia2/00006.parquet done rows=656 in_scope=656
[harbor_adapter_traj] data/harbor_adapters/gaia2/00007.parquet done rows=692 in_scope=692
[harbor_adapter_traj] data/harbor_adapters/gaia2/00008.parquet done rows=736 in_scope=736
[harbor_adapter_traj] data/harbor_adapters/gaia2/00011.parquet done rows=377 in_scope=377
[harbor_adapter_traj] data/harbor_adapters/gaia2/00010.parquet done rows=645 in_scope=645
[harbor_adapter_traj] data/harbor_adapters/gaia2/00009.parquet done rows=828 in_scope=828
[harbor_adapter_traj] data/harbor_adapters/gso/00000.parquet done rows=202 in_scope=202
[harbor_adapter_traj] data/harbor_adapters/gso/00001.parquet done rows=290 in_scope=290
[harbor_adapter_traj] data/harbor_adapters/gpqa-diamond/00001.parquet done rows=10682 in_scope=10682
[harbor_adapter_traj] data/harbor_adapters/gpqa-diamond/00000.parquet done rows=16296 in_scope=16296
[harbor_adapter_traj] data/harbor_adapters/gso/00002.parquet done rows=252 in_scope=252
[harbor_adapter_traj] data/harbor_adapters/gso/00003.parquet done rows=287 in_scope=287
[harbor_adapter_traj] data/harbor_adapters/gso/00004.parquet done rows=222 in_scope=222
[harbor_adapter_traj] data/harbor_adapters/gso/00006.parquet done rows=417 in_scope=417
[harbor_adapter_traj] data/harbor_adapters/gso/00005.parquet done rows=214 in_scope=214
[harbor_adapter_traj] data/harbor_adapters/gso/00007.parquet done rows=293 in_scope=293
[harbor_adapter_traj] data/harbor_adapters/gso/00008.parquet done rows=184 in_scope=184
[harbor_adapter_traj] data/harbor_adapters/gso/00009.parquet done rows=322 in_scope=322
[harbor_adapter_traj] data/harbor_adapters/gso/00010.parquet done rows=308 in_scope=308
[harbor_adapter_traj] data/harbor_adapters/gso/00011.parquet done rows=363 in_scope=363
[harbor_adapter_traj] data/harbor_adapters/gso/00012.parquet done rows=149 in_scope=149
[harbor_adapter_traj] data/harbor_adapters/gso/00013.parquet done rows=126 in_scope=126
[harbor_adapter_traj] data/harbor_adapters/gso/00014.parquet done rows=262 in_scope=262
[harbor_adapter_traj] data/harbor_adapters/gso/00015.parquet done rows=340 in_scope=340
[harbor_adapter_traj] data/harbor_adapters/gso/00016.parquet done rows=263 in_scope=263
[harbor_adapter_traj] data/harbor_adapters/gso/00017.parquet done rows=391 in_scope=391
[harbor_adapter_traj] data/harbor_adapters/gso/00018.parquet done rows=176 in_scope=176
[harbor_adapter_traj] data/harbor_adapters/gso/00019.parquet done rows=292 in_scope=292
[harbor_adapter_traj] data/harbor_adapters/gso/00020.parquet done rows=320 in_scope=320
[harbor_adapter_traj] data/harbor_adapters/gso/00021.parquet done rows=231 in_scope=231
[harbor_adapter_traj] data/harbor_adapters/gso/00022.parquet done rows=320 in_scope=320
[harbor_adapter_traj] data/harbor_adapters/gso/00023.parquet done rows=278 in_scope=278
[harbor_adapter_traj] data/harbor_adapters/gso/00024.parquet done rows=254 in_scope=254
[harbor_adapter_traj] data/harbor_adapters/gso/00025.parquet done rows=366 in_scope=366
[harbor_adapter_traj] data/harbor_adapters/gso/00026.parquet done rows=242 in_scope=242
[harbor_adapter_traj] data/harbor_adapters/gso/00027.parquet done rows=261 in_scope=261
[harbor_adapter_traj] data/harbor_adapters/gso/00028.parquet done rows=301 in_scope=301
[harbor_adapter_traj] data/harbor_adapters/gso/00030.parquet done rows=189 in_scope=189
[harbor_adapter_traj] data/harbor_adapters/gso/00029.parquet done rows=361 in_scope=361
[harbor_adapter_traj] data/harbor_adapters/gso/00031.parquet done rows=441 in_scope=441
[harbor_adapter_traj] data/harbor_adapters/gso/00032.parquet done rows=192 in_scope=192
[harbor_adapter_traj] data/harbor_adapters/gso/00033.parquet done rows=340 in_scope=340
[harbor_adapter_traj] data/harbor_adapters/gso/00034.parquet done rows=400 in_scope=400
[harbor_adapter_traj] data/harbor_adapters/gso/00035.parquet done rows=279 in_scope=279
[harbor_adapter_traj] data/harbor_adapters/gso/00036.parquet done rows=242 in_scope=242
[harbor_adapter_traj] data/harbor_adapters/gso/00037.parquet done rows=189 in_scope=189
[harbor_adapter_traj] data/harbor_adapters/gso/00038.parquet done rows=287 in_scope=287
[harbor_adapter_traj] data/harbor_adapters/gso/00039.parquet done rows=335 in_scope=335
[harbor_adapter_traj] data/harbor_adapters/gso/00040.parquet done rows=543 in_scope=543
[harbor_adapter_traj] data/harbor_adapters/gso/00042.parquet done rows=418 in_scope=418
[harbor_adapter_traj] data/harbor_adapters/gso/00041.parquet done rows=356 in_scope=356
[harbor_adapter_traj] data/harbor_adapters/gso/00043.parquet done rows=344 in_scope=344
[harbor_adapter_traj] data/harbor_adapters/gso/00045.parquet done rows=159 in_scope=159
[harbor_adapter_traj] data/harbor_adapters/gso/00044.parquet done rows=280 in_scope=280
[harbor_adapter_traj] data/harbor_adapters/hle/00001.parquet done rows=5529 in_scope=5529
[harbor_adapter_traj] data/harbor_adapters/hle/00002.parquet done rows=4648 in_scope=4648
[harbor_adapter_traj] data/harbor_adapters/hle/00003.parquet done rows=3504 in_scope=3504
[harbor_adapter_traj] data/harbor_adapters/hle/00004.parquet done rows=5029 in_scope=5029
[harbor_adapter_traj] data/harbor_adapters/hle/recovery-00000.parquet done rows=169 in_scope=169
[harbor_adapter_traj] data/harbor_adapters/hle/00005.parquet done rows=3526 in_scope=3526
[harbor_adapter_traj] data/harbor_adapters/hle/00007.parquet done rows=1657 in_scope=1657
[harbor_adapter_traj] data/harbor_adapters/humanevalfix/recovery-00000.parquet done rows=1542 in_scope=1542
[harbor_adapter_traj] data/harbor_adapters/hle/00006.parquet done rows=5297 in_scope=5297
[harbor_adapter_traj] data/harbor_adapters/ineqmath/00001.parquet done rows=5655 in_scope=5655
[harbor_adapter_traj] data/harbor_adapters/ineqmath/00000.parquet done rows=7485 in_scope=7485
[harbor_adapter_traj] data/harbor_adapters/labbench/00000.parquet done rows=111 in_scope=111
[harbor_adapter_traj] data/harbor_adapters/humanevalfix/00001.parquet done rows=20954 in_scope=20954
[harbor_adapter_traj] data/harbor_adapters/labbench/00001.parquet done rows=141 in_scope=141
[harbor_adapter_traj] data/harbor_adapters/labbench/00002.parquet done rows=84 in_scope=84
[harbor_adapter_traj] data/harbor_adapters/labbench/00003.parquet done rows=41 in_scope=41
[harbor_adapter_traj] data/harbor_adapters/kumo/00000.parquet done rows=15555 in_scope=15555
[harbor_adapter_traj] data/harbor_adapters/kumo/00001.parquet done rows=10848 in_scope=10848
[harbor_adapter_traj] data/harbor_adapters/labbench/00004.parquet done rows=161 in_scope=161
[harbor_adapter_traj] data/harbor_adapters/labbench/00005.parquet done rows=197 in_scope=197
[harbor_adapter_traj] data/harbor_adapters/labbench/00006.parquet done rows=175 in_scope=175
[harbor_adapter_traj] data/harbor_adapters/labbench/00008.parquet done rows=162 in_scope=162
[harbor_adapter_traj] data/harbor_adapters/labbench/00007.parquet done rows=88 in_scope=88
[harbor_adapter_traj] data/harbor_adapters/labbench/00009.parquet done rows=89 in_scope=89
[harbor_adapter_traj] data/harbor_adapters/labbench/00010.parquet done rows=90 in_scope=90
[harbor_adapter_traj] data/harbor_adapters/labbench/00011.parquet done rows=175 in_scope=175
[harbor_adapter_traj] data/harbor_adapters/labbench/00012.parquet done rows=109 in_scope=109
[harbor_adapter_traj] data/harbor_adapters/labbench/00013.parquet done rows=304 in_scope=304
[harbor_adapter_traj] data/harbor_adapters/labbench/00014.parquet done rows=256 in_scope=256
[harbor_adapter_traj] data/harbor_adapters/labbench/00015.parquet done rows=91 in_scope=91
[harbor_adapter_traj] data/harbor_adapters/labbench/00017.parquet done rows=99 in_scope=99
[harbor_adapter_traj] data/harbor_adapters/labbench/00016.parquet done rows=100 in_scope=100
[harbor_adapter_traj] data/harbor_adapters/labbench/00018.parquet done rows=99 in_scope=99
[harbor_adapter_traj] data/harbor_adapters/labbench/00019.parquet done rows=81 in_scope=81
[harbor_adapter_traj] data/harbor_adapters/labbench/00020.parquet done rows=86 in_scope=86
[harbor_adapter_traj] data/harbor_adapters/labbench/00021.parquet done rows=26 in_scope=26
[harbor_adapter_traj] data/harbor_adapters/labbench/00022.parquet done rows=85 in_scope=85
[harbor_adapter_traj] data/harbor_adapters/labbench/00023.parquet done rows=91 in_scope=91
[harbor_adapter_traj] data/harbor_adapters/labbench/00025.parquet done rows=86 in_scope=86
[harbor_adapter_traj] data/harbor_adapters/labbench/00024.parquet done rows=104 in_scope=104
[harbor_adapter_traj] data/harbor_adapters/labbench/00026.parquet done rows=84 in_scope=84
[harbor_adapter_traj] data/harbor_adapters/labbench/00027.parquet done rows=87 in_scope=87
[harbor_adapter_traj] data/harbor_adapters/labbench/00029.parquet done rows=117 in_scope=117
[harbor_adapter_traj] data/harbor_adapters/labbench/00028.parquet done rows=91 in_scope=91
[harbor_adapter_traj] data/harbor_adapters/labbench/00030.parquet done rows=126 in_scope=126
[harbor_adapter_traj] data/harbor_adapters/labbench/00031.parquet done rows=168 in_scope=168
[harbor_adapter_traj] data/harbor_adapters/labbench/00032.parquet done rows=193 in_scope=193
[harbor_adapter_traj] data/harbor_adapters/labbench/00033.parquet done rows=249 in_scope=249
[harbor_adapter_traj] data/harbor_adapters/labbench/00034.parquet done rows=101 in_scope=101
[harbor_adapter_traj] data/harbor_adapters/labbench/00035.parquet done rows=178 in_scope=178
[harbor_adapter_traj] data/harbor_adapters/labbench/00036.parquet done rows=145 in_scope=145
[harbor_adapter_traj] data/harbor_adapters/labbench/00038.parquet done rows=200 in_scope=200
[harbor_adapter_traj] data/harbor_adapters/labbench/00037.parquet done rows=108 in_scope=108
[harbor_adapter_traj] data/harbor_adapters/labbench/00039.parquet done rows=147 in_scope=147
[harbor_adapter_traj] data/harbor_adapters/labbench/00040.parquet done rows=102 in_scope=102
[harbor_adapter_traj] data/harbor_adapters/labbench/00041.parquet done rows=163 in_scope=163
[harbor_adapter_traj] data/harbor_adapters/labbench/00042.parquet done rows=164 in_scope=164
[harbor_adapter_traj] data/harbor_adapters/labbench/00043.parquet done rows=166 in_scope=166
[harbor_adapter_traj] data/harbor_adapters/labbench/00044.parquet done rows=27 in_scope=27
[harbor_adapter_traj] data/harbor_adapters/labbench/00045.parquet done rows=142 in_scope=142
[harbor_adapter_traj] data/harbor_adapters/labbench/00046.parquet done rows=84 in_scope=84
[harbor_adapter_traj] data/harbor_adapters/labbench/00047.parquet done rows=169 in_scope=169
[harbor_adapter_traj] data/harbor_adapters/labbench/00048.parquet done rows=152 in_scope=152
[harbor_adapter_traj] data/harbor_adapters/labbench/00049.parquet done rows=82 in_scope=82
[harbor_adapter_traj] data/harbor_adapters/labbench/00050.parquet done rows=83 in_scope=83
[harbor_adapter_traj] data/harbor_adapters/labbench/00051.parquet done rows=78 in_scope=78
[harbor_adapter_traj] data/harbor_adapters/labbench/00052.parquet done rows=81 in_scope=81
[harbor_adapter_traj] data/harbor_adapters/labbench/00053.parquet done rows=84 in_scope=84
[harbor_adapter_traj] data/harbor_adapters/labbench/00054.parquet done rows=95 in_scope=95
[harbor_adapter_traj] data/harbor_adapters/labbench/00055.parquet done rows=140 in_scope=140
[harbor_adapter_traj] data/harbor_adapters/labbench/00056.parquet done rows=90 in_scope=90
[harbor_adapter_traj] data/harbor_adapters/labbench/00058.parquet done rows=190 in_scope=190
[harbor_adapter_traj] data/harbor_adapters/labbench/00057.parquet done rows=162 in_scope=162
[harbor_adapter_traj] data/harbor_adapters/labbench/00059.parquet done rows=91 in_scope=91
[harbor_adapter_traj] data/harbor_adapters/labbench/00060.parquet done rows=138 in_scope=138
[harbor_adapter_traj] data/harbor_adapters/labbench/00061.parquet done rows=167 in_scope=167
[harbor_adapter_traj] data/harbor_adapters/labbench/00062.parquet done rows=92 in_scope=92
[harbor_adapter_traj] data/harbor_adapters/labbench/00063.parquet done rows=294 in_scope=294
[harbor_adapter_traj] data/harbor_adapters/labbench/00064.parquet done rows=258 in_scope=258
[harbor_adapter_traj] data/harbor_adapters/labbench/00065.parquet done rows=107 in_scope=107
[harbor_adapter_traj] data/harbor_adapters/labbench/00066.parquet done rows=227 in_scope=227
[harbor_adapter_traj] data/harbor_adapters/labbench/00067.parquet done rows=178 in_scope=178
[harbor_adapter_traj] data/harbor_adapters/labbench/00068.parquet done rows=196 in_scope=196
[harbor_adapter_traj] data/harbor_adapters/labbench/00069.parquet done rows=181 in_scope=181
[harbor_adapter_traj] data/harbor_adapters/labbench/00070.parquet done rows=104 in_scope=104
[harbor_adapter_traj] data/harbor_adapters/labbench/00071.parquet done rows=23 in_scope=23
[harbor_adapter_traj] data/harbor_adapters/labbench/00072.parquet done rows=114 in_scope=114
[harbor_adapter_traj] data/harbor_adapters/labbench/00073.parquet done rows=144 in_scope=144
[harbor_adapter_traj] data/harbor_adapters/labbench/00074.parquet done rows=80 in_scope=80
[harbor_adapter_traj] data/harbor_adapters/labbench/00075.parquet done rows=100 in_scope=100
[harbor_adapter_traj] data/harbor_adapters/labbench/00076.parquet done rows=85 in_scope=85
[harbor_adapter_traj] data/harbor_adapters/labbench/00077.parquet done rows=277 in_scope=277
[harbor_adapter_traj] data/harbor_adapters/labbench/00078.parquet done rows=369 in_scope=369
[harbor_adapter_traj] data/harbor_adapters/labbench/00079.parquet done rows=118 in_scope=118
[harbor_adapter_traj] data/harbor_adapters/labbench/00080.parquet done rows=205 in_scope=205
[harbor_adapter_traj] data/harbor_adapters/labbench/00081.parquet done rows=350 in_scope=350
[harbor_adapter_traj] data/harbor_adapters/labbench/00082.parquet done rows=91 in_scope=91
[harbor_adapter_traj] data/harbor_adapters/labbench/00083.parquet done rows=213 in_scope=213
[harbor_adapter_traj] data/harbor_adapters/labbench/00084.parquet done rows=79 in_scope=79
[harbor_adapter_traj] data/harbor_adapters/labbench/00085.parquet done rows=225 in_scope=225
[harbor_adapter_traj] data/harbor_adapters/labbench/00086.parquet done rows=270 in_scope=270
[harbor_adapter_traj] data/harbor_adapters/labbench/00087.parquet done rows=206 in_scope=206
[harbor_adapter_traj] data/harbor_adapters/labbench/00088.parquet done rows=112 in_scope=112
[harbor_adapter_traj] data/harbor_adapters/labbench/00089.parquet done rows=154 in_scope=154
[harbor_adapter_traj] data/harbor_adapters/labbench/00090.parquet done rows=195 in_scope=195
[harbor_adapter_traj] data/harbor_adapters/labbench/00092.parquet done rows=163 in_scope=163
[harbor_adapter_traj] data/harbor_adapters/labbench/00091.parquet done rows=403 in_scope=403
[harbor_adapter_traj] data/harbor_adapters/labbench/00093.parquet done rows=165 in_scope=165
[harbor_adapter_traj] data/harbor_adapters/labbench/00094.parquet done rows=261 in_scope=261
[harbor_adapter_traj] data/harbor_adapters/labbench/00096.parquet done rows=25 in_scope=25
[harbor_adapter_traj] data/harbor_adapters/labbench/00095.parquet done rows=95 in_scope=95
[harbor_adapter_traj] data/harbor_adapters/labbench/00097.parquet done rows=85 in_scope=85
[harbor_adapter_traj] data/harbor_adapters/labbench/00098.parquet done rows=105 in_scope=105
[harbor_adapter_traj] data/harbor_adapters/labbench/00099.parquet done rows=255 in_scope=255
[harbor_adapter_traj] data/harbor_adapters/labbench/00100.parquet done rows=81 in_scope=81
[harbor_adapter_traj] data/harbor_adapters/labbench/00101.parquet done rows=167 in_scope=167
[harbor_adapter_traj] data/harbor_adapters/labbench/00102.parquet done rows=173 in_scope=173
[harbor_adapter_traj] data/harbor_adapters/labbench/00104.parquet done rows=180 in_scope=180
[harbor_adapter_traj] data/harbor_adapters/labbench/00103.parquet done rows=178 in_scope=178
[harbor_adapter_traj] data/harbor_adapters/labbench/00105.parquet done rows=99 in_scope=99
[harbor_adapter_traj] data/harbor_adapters/labbench/00106.parquet done rows=141 in_scope=141
[harbor_adapter_traj] data/harbor_adapters/labbench/00107.parquet done rows=87 in_scope=87
[harbor_adapter_traj] data/harbor_adapters/labbench/00108.parquet done rows=115 in_scope=115
[harbor_adapter_traj] data/harbor_adapters/labbench/00109.parquet done rows=78 in_scope=78
[harbor_adapter_traj] data/harbor_adapters/labbench/00112.parquet done rows=86 in_scope=86
[harbor_adapter_traj] data/harbor_adapters/labbench/00110.parquet done rows=174 in_scope=174
[harbor_adapter_traj] data/harbor_adapters/labbench/00111.parquet done rows=108 in_scope=108
[harbor_adapter_traj] data/harbor_adapters/lawbench/00000.parquet done rows=4402 in_scope=4402
[harbor_adapter_traj] data/harbor_adapters/lawbench/00002.parquet done rows=4672 in_scope=4672
[harbor_adapter_traj] data/harbor_adapters/lawbench/00003.parquet done rows=3926 in_scope=3926
[harbor_adapter_traj] data/harbor_adapters/lawbench/00001.parquet done rows=5773 in_scope=5773
[harbor_adapter_traj] data/harbor_adapters/lawbench/00005.parquet done rows=724 in_scope=724
[harbor_adapter_traj] data/harbor_adapters/livecodebench/00001.parquet done rows=1812 in_scope=1812
[harbor_adapter_traj] data/harbor_adapters/livecodebench/00002.parquet done rows=1548 in_scope=1548
[harbor_adapter_traj] data/harbor_adapters/livecodebench/00000.parquet done rows=4303 in_scope=4303
[harbor_adapter_traj] data/harbor_adapters/lawbench/00004.parquet done rows=3861 in_scope=3861
[harbor_adapter_traj] data/harbor_adapters/livecodebench/00003.parquet done rows=662 in_scope=662
[harbor_adapter_traj] data/harbor_adapters/livecodebench/00004.parquet done rows=412 in_scope=412
[harbor_adapter_traj] data/harbor_adapters/livecodebench/00008.parquet done rows=212 in_scope=212
[harbor_adapter_traj] data/harbor_adapters/livecodebench/00006.parquet done rows=158 in_scope=158
[harbor_adapter_traj] data/harbor_adapters/livecodebench/00005.parquet done rows=594 in_scope=594
[harbor_adapter_traj] data/harbor_adapters/livecodebench/00007.parquet done rows=1317 in_scope=1317
[harbor_adapter_traj] data/harbor_adapters/mmau/00001.parquet done rows=3443 in_scope=3443
[harbor_adapter_traj] data/harbor_adapters/medagentbench/00001.parquet done rows=5786 in_scope=5786
[harbor_adapter_traj] data/harbor_adapters/medagentbench/00000.parquet done rows=7217 in_scope=7217
[harbor_adapter_traj] data/harbor_adapters/mmau/00000.parquet done rows=9736 in_scope=9736
[harbor_adapter_traj] data/harbor_adapters/multi-swe-bench/00001.parquet done rows=273 in_scope=0
[harbor_adapter_traj] data/harbor_adapters/multi-swe-bench/00000.parquet done rows=1105 in_scope=0
[harbor_adapter_traj] data/harbor_adapters/mmmlu/00000.parquet done rows=19228 in_scope=19228
[harbor_adapter_traj] data/harbor_adapters/omnimath/00001.parquet done rows=5983 in_scope=5983
[harbor_adapter_traj] data/harbor_adapters/qcircuitbench/00000.parquet done rows=3182 in_scope=3182
[harbor_adapter_traj] data/harbor_adapters/pixiu/00000.parquet done rows=4337 in_scope=4337
[harbor_adapter_traj] data/harbor_adapters/quixbugs/00000.parquet done rows=7182 in_scope=7182
[harbor_adapter_traj] data/harbor_adapters/omnimath/00000.parquet done rows=17933 in_scope=17933
[harbor_adapter_traj] data/harbor_adapters/reasoning-gym/00002.parquet done rows=3927 in_scope=3927
[harbor_adapter_traj] data/harbor_adapters/replicationbench/00000.parquet done rows=615 in_scope=615
[harbor_adapter_traj] data/harbor_adapters/replicationbench/00001.parquet done rows=646 in_scope=646
[harbor_adapter_traj] data/harbor_adapters/replicationbench/00003.parquet done rows=518 in_scope=518
[harbor_adapter_traj] data/harbor_adapters/replicationbench/00002.parquet done rows=1027 in_scope=1027
[harbor_adapter_traj] data/harbor_adapters/reasoning-gym/00000.parquet done rows=27701 in_scope=27701
[harbor_adapter_traj] data/harbor_adapters/reasoning-gym/00001.parquet done rows=27652 in_scope=27652
[harbor_adapter_traj] data/harbor_adapters/replicationbench/00004.parquet done rows=980 in_scope=980
[harbor_adapter_traj] data/harbor_adapters/replicationbench/00005.parquet done rows=1282 in_scope=1282
[harbor_adapter_traj] data/harbor_adapters/replicationbench/00007.parquet done rows=969 in_scope=969
[harbor_adapter_traj] data/harbor_adapters/replicationbench/00006.parquet done rows=1055 in_scope=1055
[harbor_adapter_traj] data/harbor_adapters/replicationbench/00008.parquet done rows=710 in_scope=710
[harbor_adapter_traj] data/harbor_adapters/replicationbench/00010.parquet done rows=763 in_scope=763
[harbor_adapter_traj] data/harbor_adapters/replicationbench/00011.parquet done rows=551 in_scope=551
[harbor_adapter_traj] data/harbor_adapters/replicationbench/00009.parquet done rows=992 in_scope=992
[harbor_adapter_traj] data/harbor_adapters/replicationbench/00013.parquet done rows=104 in_scope=104
[harbor_adapter_traj] data/harbor_adapters/replicationbench/00012.parquet done rows=1114 in_scope=1114
[harbor_adapter_traj] data/harbor_adapters/research-code-bench/00000.parquet done rows=937 in_scope=937
[harbor_adapter_traj] data/harbor_adapters/research-code-bench/00001.parquet done rows=1430 in_scope=1430
[harbor_adapter_traj] data/harbor_adapters/research-code-bench/00002.parquet done rows=1731 in_scope=1731
[harbor_adapter_traj] data/harbor_adapters/research-code-bench/00003.parquet done rows=1778 in_scope=1778
[harbor_adapter_traj] data/harbor_adapters/research-code-bench/00004.parquet done rows=2119 in_scope=2119
[harbor_adapter_traj] data/harbor_adapters/research-code-bench/00005.parquet done rows=1332 in_scope=1332
[harbor_adapter_traj] data/harbor_adapters/research-code-bench/00006.parquet done rows=1261 in_scope=1261
[harbor_adapter_traj] data/harbor_adapters/research-code-bench/00007.parquet done rows=1038 in_scope=1038
[harbor_adapter_traj] data/harbor_adapters/research-code-bench/00008.parquet done rows=1477 in_scope=1477
[harbor_adapter_traj] data/harbor_adapters/research-code-bench/00009.parquet done rows=1275 in_scope=1275
[harbor_adapter_traj] data/harbor_adapters/research-code-bench/00010.parquet done rows=1383 in_scope=1383
[harbor_adapter_traj] data/harbor_adapters/research-code-bench/00011.parquet done rows=1480 in_scope=1480
[harbor_adapter_traj] data/harbor_adapters/research-code-bench/00012.parquet done rows=1524 in_scope=1524
[harbor_adapter_traj] data/harbor_adapters/research-code-bench/00013.parquet done rows=2056 in_scope=2056
[harbor_adapter_traj] data/harbor_adapters/research-code-bench/00014.parquet done rows=774 in_scope=774
[harbor_adapter_traj] data/harbor_adapters/research-code-bench/00018.parquet done rows=893 in_scope=893
[harbor_adapter_traj] data/harbor_adapters/research-code-bench/00015.parquet done rows=1156 in_scope=1156
[harbor_adapter_traj] data/harbor_adapters/research-code-bench/00016.parquet done rows=1324 in_scope=1324
[harbor_adapter_traj] data/harbor_adapters/research-code-bench/00017.parquet done rows=1498 in_scope=1498
[harbor_adapter_traj] data/harbor_adapters/scicode/00001.parquet done rows=2925 in_scope=2925
[harbor_adapter_traj] data/harbor_adapters/seal0/00000.parquet done rows=1493 in_scope=1493
[harbor_adapter_traj] data/harbor_adapters/seal0/00001.parquet done rows=2340 in_scope=2340
[harbor_adapter_traj] data/harbor_adapters/scicode/00000.parquet done rows=5476 in_scope=5476
[harbor_adapter_traj] data/harbor_adapters/seal0/00002.parquet done rows=1364 in_scope=1364
[harbor_adapter_traj] data/harbor_adapters/seal0/00005.parquet done rows=582 in_scope=582
[harbor_adapter_traj] data/harbor_adapters/seal0/00003.parquet done rows=2239 in_scope=2239
[harbor_adapter_traj] data/harbor_adapters/seal0/00004.parquet done rows=986 in_scope=986
[harbor_adapter_traj] data/harbor_adapters/seal0/00006.parquet done rows=486 in_scope=486
[harbor_adapter_traj] data/harbor_adapters/seal0/00007.parquet done rows=701 in_scope=701
[harbor_adapter_traj] data/harbor_adapters/seal0/00008.parquet done rows=1381 in_scope=1381
[harbor_adapter_traj] data/harbor_adapters/seal0/00009.parquet done rows=2500 in_scope=2500
[harbor_adapter_traj] data/harbor_adapters/seal0/00010.parquet done rows=1304 in_scope=1304
[harbor_adapter_traj] data/harbor_adapters/simpleqa/00000.parquet done rows=3348 in_scope=3348
[harbor_adapter_traj] data/harbor_adapters/simpleqa/00001.parquet done rows=2274 in_scope=2274
[harbor_adapter_traj] data/harbor_adapters/simpleqa/00002.parquet done rows=3166 in_scope=3166
[harbor_adapter_traj] data/harbor_adapters/simpleqa/00003.parquet done rows=3492 in_scope=3492
[harbor_adapter_traj] data/harbor_adapters/simpleqa/00004.parquet done rows=2905 in_scope=2905
[harbor_adapter_traj] data/harbor_adapters/simpleqa/00005.parquet done rows=2754 in_scope=2754
[harbor_adapter_traj] data/harbor_adapters/simpleqa/00006.parquet done rows=3278 in_scope=3278
[harbor_adapter_traj] data/harbor_adapters/simpleqa/00008.parquet done rows=789 in_scope=789
[harbor_adapter_traj] data/harbor_adapters/simpleqa/00007.parquet done rows=5431 in_scope=5431
[harbor_adapter_traj] data/harbor_adapters/skillsbench/00000.parquet done rows=1291 in_scope=1291
[harbor_adapter_traj] data/harbor_adapters/skillsbench/00001.parquet done rows=1405 in_scope=1405
[harbor_adapter_traj] data/harbor_adapters/skillsbench/00004.parquet done rows=282 in_scope=282
[harbor_adapter_traj] data/harbor_adapters/skillsbench/00002.parquet done rows=1483 in_scope=1483
[harbor_adapter_traj] data/harbor_adapters/skillsbench/00003.parquet done rows=690 in_scope=690
[harbor_adapter_traj] data/harbor_adapters/skillsbench/00007.parquet done rows=475 in_scope=475
[harbor_adapter_traj] data/harbor_adapters/sldbench/00000.parquet done rows=1014 in_scope=1014
[harbor_adapter_traj] data/harbor_adapters/skillsbench/00006.parquet done rows=1036 in_scope=1036
[harbor_adapter_traj] data/harbor_adapters/skillsbench/00005.parquet done rows=1570 in_scope=1570
[harbor_adapter_traj] data/harbor_adapters/spider2/00000.parquet done rows=1415 in_scope=1415
[harbor_adapter_traj] data/harbor_adapters/spider2/00001.parquet done rows=1256 in_scope=1256
[harbor_adapter_traj] data/harbor_adapters/spider2/00002.parquet done rows=1655 in_scope=1655
[harbor_adapter_traj] data/harbor_adapters/spider2/00003.parquet done rows=1145 in_scope=1145
[harbor_adapter_traj] data/harbor_adapters/spider2/00005.parquet done rows=487 in_scope=487
[harbor_adapter_traj] data/harbor_adapters/spider2/00004.parquet done rows=1562 in_scope=1562
[harbor_adapter_traj] data/harbor_adapters/spreadsheetbench/00002.parquet done rows=2058 in_scope=2058
[harbor_adapter_traj] data/harbor_adapters/swe-lancer/00000.parquet done rows=480 in_scope=480
[harbor_adapter_traj] data/harbor_adapters/spreadsheetbench/00000.parquet done rows=11804 in_scope=11804
[harbor_adapter_traj] data/harbor_adapters/spreadsheetbench/00001.parquet done rows=12445 in_scope=12445
[harbor_adapter_traj] data/harbor_adapters/swe-lancer/00001.parquet done rows=1566 in_scope=1566
[harbor_adapter_traj] data/harbor_adapters/strongreject/00000.parquet done rows=18787 in_scope=18787
[harbor_adapter_traj] data/harbor_adapters/swe-lancer/00002.parquet done rows=1863 in_scope=1863
[harbor_adapter_traj] data/harbor_adapters/swe-lancer/00003.parquet done rows=2150 in_scope=2150
[harbor_adapter_traj] data/harbor_adapters/swe-lancer/00004.parquet done rows=1154 in_scope=1154
[harbor_adapter_traj] data/harbor_adapters/swe-lancer/00005.parquet done rows=641 in_scope=641
[harbor_adapter_traj] data/harbor_adapters/swe-lancer/00009.parquet done rows=169 in_scope=169
[harbor_adapter_traj] data/harbor_adapters/swe-lancer/00006.parquet done rows=1675 in_scope=1675
[harbor_adapter_traj] data/harbor_adapters/swe-lancer/00007.parquet done rows=1736 in_scope=1736
[harbor_adapter_traj] data/harbor_adapters/swe-lancer/00008.parquet done rows=1675 in_scope=1675
[harbor_adapter_traj] data/harbor_adapters/swebench-multilingual/00000.parquet done rows=868 in_scope=868
[harbor_adapter_traj] data/harbor_adapters/swebench-multilingual/00001.parquet done rows=911 in_scope=911
[harbor_adapter_traj] data/harbor_adapters/swebench-multilingual/00003.parquet done rows=1074 in_scope=1074
[harbor_adapter_traj] data/harbor_adapters/swebench-multilingual/00002.parquet done rows=932 in_scope=932
[harbor_adapter_traj] data/harbor_adapters/swebench-multilingual/00004.parquet done rows=644 in_scope=644
[harbor_adapter_traj] data/harbor_adapters/swebench-multilingual/00006.parquet done rows=376 in_scope=376
[harbor_adapter_traj] data/harbor_adapters/swebench-multilingual/00005.parquet done rows=933 in_scope=933
[harbor_adapter_traj] data/harbor_adapters/swebench-verified/00000.parquet done rows=1038 in_scope=1038
[harbor_adapter_traj] data/harbor_adapters/swebench-verified/00001.parquet done rows=971 in_scope=971
[harbor_adapter_traj] data/harbor_adapters/swebench-verified/00002.parquet done rows=1064 in_scope=1064
[harbor_adapter_traj] data/harbor_adapters/swebench-verified/00003.parquet done rows=1251 in_scope=1251
[harbor_adapter_traj] data/harbor_adapters/swebench-verified/00004.parquet done rows=1185 in_scope=1185
[harbor_adapter_traj] data/harbor_adapters/swebench-verified/00005.parquet done rows=865 in_scope=865
[harbor_adapter_traj] data/harbor_adapters/swebench-verified/00006.parquet done rows=1149 in_scope=1149
[harbor_adapter_traj] data/harbor_adapters/swebench-verified/00007.parquet done rows=827 in_scope=827
[harbor_adapter_traj] data/harbor_adapters/swebench-verified/00008.parquet done rows=742 in_scope=742
[harbor_adapter_traj] data/harbor_adapters/swebench-verified/00009.parquet done rows=1442 in_scope=1442
[harbor_adapter_traj] data/harbor_adapters/swebench-verified/00010.parquet done rows=929 in_scope=929
[harbor_adapter_traj] data/harbor_adapters/swebench-verified/00012.parquet done rows=862 in_scope=862
[harbor_adapter_traj] data/harbor_adapters/swebench-verified/00011.parquet done rows=1219 in_scope=1219
[harbor_adapter_traj] data/harbor_adapters/swebenchpro/00000.parquet done rows=589 in_scope=589
[harbor_adapter_traj] data/harbor_adapters/swebenchpro/00001.parquet done rows=443 in_scope=443
[harbor_adapter_traj] data/harbor_adapters/swebenchpro/00002.parquet done rows=529 in_scope=529
[harbor_adapter_traj] data/harbor_adapters/swebenchpro/00003.parquet done rows=728 in_scope=728
[harbor_adapter_traj] data/harbor_adapters/swebenchpro/00004.parquet done rows=611 in_scope=611
[harbor_adapter_traj] data/harbor_adapters/swebenchpro/00005.parquet done rows=485 in_scope=485
[harbor_adapter_traj] data/harbor_adapters/swebenchpro/00006.parquet done rows=550 in_scope=550
[harbor_adapter_traj] data/harbor_adapters/swebenchpro/00007.parquet done rows=493 in_scope=493
[harbor_adapter_traj] data/harbor_adapters/swebenchpro/00008.parquet done rows=397 in_scope=397
[harbor_adapter_traj] data/harbor_adapters/swebenchpro/00009.parquet done rows=531 in_scope=531
[harbor_adapter_traj] data/harbor_adapters/swebenchpro/00010.parquet done rows=865 in_scope=865
[harbor_adapter_traj] data/harbor_adapters/swebenchpro/00011.parquet done rows=814 in_scope=814
[harbor_adapter_traj] data/harbor_adapters/swebenchpro/00012.parquet done rows=486 in_scope=486
[harbor_adapter_traj] data/harbor_adapters/swebenchpro/00013.parquet done rows=633 in_scope=633
[harbor_adapter_traj] data/harbor_adapters/swebenchpro/00014.parquet done rows=422 in_scope=422
[harbor_adapter_traj] data/harbor_adapters/swebenchpro/00015.parquet done rows=680 in_scope=680
[harbor_adapter_traj] data/harbor_adapters/swebenchpro/00016.parquet done rows=797 in_scope=797
[harbor_adapter_traj] data/harbor_adapters/swebenchpro/00017.parquet done rows=480 in_scope=480
[harbor_adapter_traj] data/harbor_adapters/swesmith/00000.parquet done rows=2701 in_scope=2701
[harbor_adapter_traj] data/harbor_adapters/swesmith/00001.parquet done rows=2898 in_scope=2898
[harbor_adapter_traj] data/harbor_adapters/swesmith/00002.parquet done rows=2817 in_scope=2817
[harbor_adapter_traj] data/harbor_adapters/swesmith/00003.parquet done rows=1878 in_scope=1878
[harbor_adapter_traj] data/harbor_adapters/swesmith/00004.parquet done rows=1333 in_scope=1333
[harbor_adapter_traj] data/harbor_adapters/swtbench/00000.parquet done rows=1669 in_scope=1669
[harbor_adapter_traj] data/harbor_adapters/swtbench/00001.parquet done rows=1318 in_scope=1318
[harbor_adapter_traj] data/harbor_adapters/swtbench/00003.parquet done rows=1450 in_scope=1450
[harbor_adapter_traj] data/harbor_adapters/swtbench/00002.parquet done rows=1343 in_scope=1343
[harbor_adapter_traj] data/harbor_adapters/terminal-bench/00001.parquet done rows=891 in_scope=891
[harbor_adapter_traj] data/harbor_adapters/terminal-bench/00000.parquet done rows=1971 in_scope=1971
[harbor_adapter_traj] data/harbor_adapters/terminal-bench/00002.parquet done rows=1712 in_scope=1712
[harbor_adapter_traj] data/harbor_adapters/terminal-bench/00003.parquet done rows=1357 in_scope=1357
[harbor_adapter_traj] data/harbor_adapters/usaco/00001.parquet done rows=2337 in_scope=2337
[harbor_adapter_traj] data/harbor_adapters/terminal-bench/00005.parquet done rows=1088 in_scope=1088
[harbor_adapter_traj] data/harbor_adapters/terminal-bench/00004.parquet done rows=2054 in_scope=2054
[harbor_adapter_traj] data/harbor_adapters/widesearch/00001.parquet done rows=1319 in_scope=1319
[harbor_adapter_traj] data/harbor_adapters/widesearch/00000.parquet done rows=1935 in_scope=1935
[harbor_adapter_traj] data/harbor_adapters/usaco/00000.parquet done rows=9195 in_scope=9195
[harbor_adapter_traj] data/harbor_adapters/widesearch/00002.parquet done rows=2010 in_scope=2010
[harbor_adapter_traj] data/harbor_adapters/widesearch/00003.parquet done rows=1492 in_scope=1492
[harbor_adapter_traj] data/harbor_adapters/widesearch/00004.parquet done rows=1545 in_scope=1545
[harbor_adapter_traj] data/harbor_adapters/widesearch/00005.parquet done rows=1616 in_scope=1616
{
  "n_shards": 492,
  "n_shards_done_before": 0,
  "n_shards_processed": 492,
  "n_shards_failed": 0,
  "shard_errors": [],
  "n_parse_errors": 7,
  "n_rows": 793698,
  "n_in_scope": 768956,
  "n_tasks": 8468,
  "rows_per_benchmark": {
    "aa-lcr": 11040,
    "aider-polyglot": 28086,
    "aime": 8146,
    "algotune": 17394,
    "algotune-rerun": 160,
    "arc-agi-2": 8097,
    "bfcl": 16639,
    "bigcodebench": 15391,
    "bixbench": 6608,
    "codepde": 495,
    "compilebench": 2005,
    "crmarena": 9853,
    "crustbench": 10208,
    "cybergym": 624,
    "dacode": 25294,
    "deepsynth": 4233,
    "devopsgym": 5430,
    "ds-1000": 3078,
    "featbench": 4843,
    "featurebench-modal": 16761,
    "financeagent_terminal": 5144,
    "gaia": 16391,
    "gaia2": 9295,
    "gpqa-diamond": 26978,
    "gso": 13281,
    "hle": 29359,
    "humanevalfix": 22496,
    "ineqmath": 13140,
    "kumo": 26403,
    "labbench": 16046,
    "lawbench": 23358,
    "livecodebench": 11018,
    "medagentbench": 13003,
    "mmau": 13179,
    "mmmlu": 19228,
    "multi-swe-bench": 1378,
    "omnimath": 23916,
    "pixiu": 4337,
    "qcircuitbench": 3182,
    "quixbugs": 7182,
    "reasoning-gym": 59280,
    "replicationbench": 11326,
    "research-code-bench": 26466,
    "scicode": 8401,
    "seal0": 15376,
    "simpleqa": 27437,
    "skillsbench": 8232,
    "sldbench": 1014,
    "spider2": 7520,
    "spreadsheetbench": 26307,
    "strongreject": 18787,
    "swe-lancer": 13109,
    "swebench-multilingual": 5738,
    "swebench-verified": 13544,
    "swebenchpro": 10533,
    "swesmith": 11627,
    "swtbench": 5780,
    "terminal-bench": 9073,
    "usaco": 11532,
    "widesearch": 9917
  }
}
