[harbor_adapter] data/harbor_adapters/reasoning-gym/00001.parquet done; bytes=735686566 rows=4683 elapsed=39s
Warning: You are sending unauthenticated requests to the HF Hub. Please set a HF_TOKEN to enable higher rate limits and faster downloads.
[harbor_adapter] data/harbor_adapters/reasoning-gym/00000.parquet done; bytes=1471386032 rows=9328 elapsed=67s
[harbor_adapter] data/harbor_adapters/mmmlu/00000.parquet done; bytes=1916591285 rows=11993 elapsed=84s
[harbor_adapter] data/harbor_adapters/reasoning-gym/00002.parquet done; bytes=2031679430 rows=12648 elapsed=89s
[harbor_adapter] data/harbor_adapters/quixbugs/00000.parquet done; bytes=2302670407 rows=14083 elapsed=102s
[harbor_adapter] data/harbor_adapters/strongreject/00000.parquet done; bytes=2832412347 rows=16771 elapsed=119s
[harbor_adapter] data/harbor_adapters/pixiu/00000.parquet done; bytes=3039451236 rows=17751 elapsed=128s
[harbor_adapter] data/harbor_adapters/bfcl/00000.parquet done; bytes=3516153651 rows=19947 elapsed=149s
[harbor_adapter] data/harbor_adapters/bigcodebench/00001.parquet done; bytes=3526650010 rows=19989 elapsed=152s
Warning: You are sending unauthenticated requests to the HF Hub. Please set a HF_TOKEN to enable higher rate limits and faster downloads.
[harbor_adapter] data/harbor_adapters/humanevalfix/00001.parquet done; bytes=4261950266 rows=22739 elapsed=34s
[harbor_adapter] data/harbor_adapters/humanevalfix/recovery-00000.parquet done; bytes=4316066668 rows=22940 elapsed=38s
[harbor_adapter] data/harbor_adapters/omnimath/00000.parquet done; bytes=5051255589 rows=25504 elapsed=65s
[harbor_adapter] data/harbor_adapters/bigcodebench/00000.parquet done; bytes=5786331965 rows=27995 elapsed=98s
[harbor_adapter] data/harbor_adapters/kumo/00001.parquet done; bytes=6280143681 rows=29561 elapsed=122s
[harbor_adapter] data/harbor_adapters/kumo/00000.parquet done; bytes=7015115933 rows=31811 elapsed=148s
[harbor_adapter] data/harbor_adapters/gpqa-diamond/00000.parquet done; bytes=7750124577 rows=33962 elapsed=199s
[harbor_adapter] data/harbor_adapters/omnimath/00001.parquet done; bytes=8078176406 rows=34880 elapsed=209s
[harbor_adapter] data/harbor_adapters/gpqa-diamond/00001.parquet done; bytes=8624683961 rows=36293 elapsed=231s
[harbor_adapter] data/harbor_adapters/spreadsheetbench/00001.parquet done; bytes=9359457287 rows=37988 elapsed=253s
[harbor_adapter] data/harbor_adapters/spreadsheetbench/00000.parquet done; bytes=10094218543 rows=39608 elapsed=277s
[harbor_adapter] data/harbor_adapters/aime/00001.parquet done; bytes=10102606490 rows=39626 elapsed=280s
[harbor_adapter] data/harbor_adapters/qcircuitbench/00000.parquet done; bytes=10327331058 rows=40093 elapsed=289s
[harbor_adapter] data/harbor_adapters/spreadsheetbench/00002.parquet done; bytes=10467760145 rows=40378 elapsed=297s
[harbor_adapter] data/harbor_adapters/mmau/00001.parquet done; bytes=10702615107 rows=40835 elapsed=313s
[harbor_adapter] data/harbor_adapters/usaco/00000.parquet done; bytes=11438537322 rows=42201 elapsed=334s
[harbor_adapter] data/harbor_adapters/mmau/00000.parquet done; bytes=12173165765 rows=43494 elapsed=359s
[harbor_adapter] data/harbor_adapters/ineqmath/00001.parquet done; bytes=12665515300 rows=44268 elapsed=375s
[harbor_adapter] data/harbor_adapters/usaco/00001.parquet done; bytes=12895092410 rows=44611 elapsed=383s
[harbor_adapter] data/harbor_adapters/aime/00000.parquet done; bytes=13629719562 rows=45671 elapsed=403s
[harbor_adapter] data/harbor_adapters/ineqmath/00000.parquet done; bytes=14364287282 rows=46697 elapsed=428s
[harbor_adapter] data/harbor_adapters/dacode/00004.parquet done; bytes=14699588319 rows=47159 elapsed=437s
[harbor_adapter] data/harbor_adapters/arc-agi-2/00000.parquet done; bytes=15434059138 rows=48160 elapsed=465s
[harbor_adapter] data/harbor_adapters/medagentbench/00000.parquet done; bytes=16168611292 rows=49148 elapsed=491s
[harbor_adapter] data/harbor_adapters/arc-agi-2/00001.parquet done; bytes=16464402368 rows=49535 elapsed=500s
[harbor_adapter] data/harbor_adapters/medagentbench/00001.parquet done; bytes=17091873754 rows=50338 elapsed=520s
[harbor_adapter] data/harbor_adapters/dacode/00003.parquet done; bytes=17826994881 rows=51271 elapsed=549s
[harbor_adapter] data/harbor_adapters/scicode/00000.parquet done; bytes=18562395511 rows=52172 elapsed=574s
[harbor_adapter] data/harbor_adapters/lawbench/00001.parquet done; bytes=19296778900 rows=52979 elapsed=592s
[harbor_adapter] data/harbor_adapters/hle/00001.parquet done; bytes=20031167139 rows=53779 elapsed=614s
[harbor_adapter] data/harbor_adapters/scicode/00001.parquet done; bytes=20484641817 rows=54268 elapsed=629s
[harbor_adapter] data/harbor_adapters/dacode/00000.parquet done; bytes=21236198319 rows=55074 elapsed=650s
[harbor_adapter] data/harbor_adapters/hle/00006.parquet done; bytes=21971500116 rows=55861 elapsed=675s
[harbor_adapter] data/harbor_adapters/aider-polyglot/00004.parquet done; bytes=22706275579 rows=56644 elapsed=696s
[harbor_adapter] data/harbor_adapters/hle/00004.parquet done; bytes=23440745538 rows=57393 elapsed=725s
[harbor_adapter] data/harbor_adapters/aider-polyglot/00000.parquet done; bytes=24175034542 rows=58134 elapsed=746s
[harbor_adapter] data/harbor_adapters/lawbench/00005.parquet done; bytes=24274335086 rows=58233 elapsed=752s
[harbor_adapter] data/harbor_adapters/gaia/00006.parquet done; bytes=24656640738 rows=58607 elapsed=778s
[harbor_adapter] data/harbor_adapters/simpleqa/00007.parquet done; bytes=25391045920 rows=59312 elapsed=796s
[harbor_adapter] data/harbor_adapters/dacode/00001.parquet done; bytes=26126332875 rows=60006 elapsed=825s
[harbor_adapter] data/harbor_adapters/hle/00002.parquet done; bytes=26861718958 rows=60695 elapsed=850s
[harbor_adapter] data/harbor_adapters/dacode/00002.parquet done; bytes=27596130439 rows=61381 elapsed=871s
[harbor_adapter] data/harbor_adapters/lawbench/00002.parquet done; bytes=28330539753 rows=62026 elapsed=893s
[harbor_adapter] data/harbor_adapters/aider-polyglot/00003.parquet done; bytes=29065022131 rows=62659 elapsed=912s
[harbor_adapter] data/harbor_adapters/lawbench/00000.parquet done; bytes=29799311492 rows=63274 elapsed=937s
[harbor_adapter] data/harbor_adapters/aider-polyglot/00005.parquet done; bytes=30533710277 rows=63888 elapsed=961s
[harbor_adapter] data/harbor_adapters/livecodebench/00000.parquet done; bytes=31268044851 rows=64500 elapsed=983s
[harbor_adapter] data/harbor_adapters/aider-polyglot/00002.parquet done; bytes=32002692342 rows=65094 elapsed=1008s
[harbor_adapter] data/harbor_adapters/livecodebench/00008.parquet done; bytes=32059899847 rows=65139 elapsed=1015s
[harbor_adapter] data/harbor_adapters/gaia/00001.parquet done; bytes=32794221251 rows=65712 elapsed=1042s
[harbor_adapter] data/harbor_adapters/aider-polyglot/00001.parquet done; bytes=33528568790 rows=66282 elapsed=1063s
[harbor_adapter] data/harbor_adapters/lawbench/00003.parquet done; bytes=34262925740 rows=66831 elapsed=1094s
[harbor_adapter] data/harbor_adapters/lawbench/00004.parquet done; bytes=34997173836 rows=67368 elapsed=1117s
[harbor_adapter] data/harbor_adapters/hle/00005.parquet done; bytes=35731575438 rows=67893 elapsed=1140s
[harbor_adapter] data/harbor_adapters/hle/00003.parquet done; bytes=36465807059 rows=68410 elapsed=1166s
[harbor_adapter] data/harbor_adapters/simpleqa/00003.parquet done; bytes=37202334706 rows=68872 elapsed=1186s
[harbor_adapter] data/harbor_adapters/gaia/00005.parquet done; bytes=37937353553 rows=69328 elapsed=1209s
[harbor_adapter] data/harbor_adapters/simpleqa/00000.parquet done; bytes=38671857445 rows=69763 elapsed=1228s
[harbor_adapter] data/harbor_adapters/simpleqa/00006.parquet done; bytes=39406332239 rows=70195 elapsed=1248s
[harbor_adapter] data/harbor_adapters/swesmith/00001.parquet done; bytes=40140854640 rows=70627 elapsed=1266s
[harbor_adapter] data/harbor_adapters/swesmith/00002.parquet done; bytes=40875872485 rows=71059 elapsed=1286s
[harbor_adapter] data/harbor_adapters/simpleqa/00002.parquet done; bytes=41610091467 rows=71478 elapsed=1304s
[harbor_adapter] data/harbor_adapters/codepde/00000.parquet done; bytes=41737750112 rows=71550 elapsed=1313s
[harbor_adapter] data/harbor_adapters/swesmith/00000.parquet done; bytes=42474041796 rows=71964 elapsed=1332s
[harbor_adapter] data/harbor_adapters/simpleqa/00004.parquet done; bytes=43208354041 rows=72348 elapsed=1351s
[harbor_adapter] data/harbor_adapters/gaia/00002.parquet done; bytes=43942584221 rows=72728 elapsed=1403s
[harbor_adapter] data/harbor_adapters/simpleqa/00005.parquet done; bytes=44676788906 rows=73088 elapsed=1426s
[harbor_adapter] data/harbor_adapters/widesearch/00002.parquet done; bytes=45411137414 rows=73440 elapsed=1444s
[harbor_adapter] data/harbor_adapters/swe-lancer/00009.parquet done; bytes=45461209582 rows=73464 elapsed=1452s
[harbor_adapter] data/harbor_adapters/gaia/00003.parquet done; bytes=46195854204 rows=73814 elapsed=1478s
[harbor_adapter] data/harbor_adapters/compilebench/00001.parquet done; bytes=46306323229 rows=73866 elapsed=1495s
[harbor_adapter] data/harbor_adapters/widesearch/00000.parquet done; bytes=47040513046 rows=74207 elapsed=1519s
[harbor_adapter] data/harbor_adapters/widesearch/00005.parquet done; bytes=47674651386 rows=74494 elapsed=1535s
[harbor_adapter] data/harbor_adapters/cybergym/00000.parquet done; bytes=48024378805 rows=74650 elapsed=1547s
[harbor_adapter] data/harbor_adapters/terminal-bench/00004.parquet done; bytes=48759317883 rows=74976 elapsed=1571s
[harbor_adapter] data/harbor_adapters/seal0/00009.parquet done; bytes=49496569033 rows=75297 elapsed=1592s
[harbor_adapter] data/harbor_adapters/gaia/00000.parquet done; bytes=50257527826 rows=75626 elapsed=1614s
[harbor_adapter] data/harbor_adapters/terminal-bench/00000.parquet done; bytes=50993527233 rows=75938 elapsed=1636s
[harbor_adapter] data/harbor_adapters/aa-lcr/00001.parquet done; bytes=51727657338 rows=76247 elapsed=1654s
[harbor_adapter] data/harbor_adapters/aa-lcr/00002.parquet done; bytes=52462468516 rows=76553 elapsed=1696s
[harbor_adapter] data/harbor_adapters/research-code-bench/00004.parquet done; bytes=53197179348 rows=76856 elapsed=1716s
[harbor_adapter] data/harbor_adapters/seal0/00001.parquet done; bytes=53937443358 rows=77156 elapsed=1740s
[harbor_adapter] data/harbor_adapters/research-code-bench/00013.parquet done; bytes=54671699985 rows=77450 elapsed=1763s
[harbor_adapter] data/harbor_adapters/swesmith/00004.parquet done; bytes=55170845067 rows=77648 elapsed=1778s
[harbor_adapter] data/harbor_adapters/swe-lancer/00003.parquet done; bytes=55905346893 rows=77939 elapsed=1798s
[harbor_adapter] data/harbor_adapters/simpleqa/00001.parquet done; bytes=56655253206 rows=78236 elapsed=1820s
[harbor_adapter] data/harbor_adapters/aa-lcr/00004.parquet done; bytes=57392487134 rows=78527 elapsed=1839s
[harbor_adapter] data/harbor_adapters/aa-lcr/00000.parquet done; bytes=58126784941 rows=78815 elapsed=1862s
[harbor_adapter] data/harbor_adapters/seal0/00003.parquet done; bytes=58861305827 rows=79103 elapsed=1878s
[harbor_adapter] data/harbor_adapters/swesmith/00003.parquet done; bytes=59595882056 rows=79391 elapsed=1900s
[harbor_adapter] data/harbor_adapters/swtbench/00003.parquet done; bytes=60177596970 rows=79619 elapsed=1923s
[harbor_adapter] data/harbor_adapters/livecodebench/00001.parquet done; bytes=60911742884 rows=79906 elapsed=1942s
[harbor_adapter] data/harbor_adapters/algotune/00002.parquet done; bytes=61646060589 rows=80193 elapsed=1967s
[harbor_adapter] data/harbor_adapters/research-code-bench/00018.parquet done; bytes=61982923459 rows=80322 elapsed=1977s
[harbor_adapter] data/harbor_adapters/swebench-multilingual/00006.parquet done; bytes=62140221852 rows=80382 elapsed=1993s
[harbor_adapter] data/harbor_adapters/algotune/00001.parquet done; bytes=62877086516 rows=80657 elapsed=2017s
[harbor_adapter] data/harbor_adapters/algotune/00005.parquet done; bytes=63611245674 rows=80925 elapsed=2036s
[harbor_adapter] data/harbor_adapters/gaia/00004.parquet done; bytes=64345401856 rows=81192 elapsed=2062s
[harbor_adapter] data/harbor_adapters/widesearch/00004.parquet done; bytes=65080079558 rows=81458 elapsed=2083s
[harbor_adapter] data/harbor_adapters/widesearch/00003.parquet done; bytes=65817298679 rows=81722 elapsed=2103s
[harbor_adapter] data/harbor_adapters/aa-lcr/00006.parquet done; bytes=66386814043 rows=81922 elapsed=2123s
[harbor_adapter] data/harbor_adapters/terminal-bench/00002.parquet done; bytes=67120970998 rows=82179 elapsed=2143s
[harbor_adapter] data/harbor_adapters/research-code-bench/00003.parquet done; bytes=67855515029 rows=82435 elapsed=2167s
[harbor_adapter] data/harbor_adapters/swe-lancer/00002.parquet done; bytes=68590257660 rows=82690 elapsed=2186s
[harbor_adapter] data/harbor_adapters/algotune/00004.parquet done; bytes=69324411029 rows=82942 elapsed=2209s
[harbor_adapter] data/harbor_adapters/hle/00007.parquet done; bytes=70059077134 rows=83192 elapsed=2239s
[harbor_adapter] data/harbor_adapters/spider2/00002.parquet done; bytes=70794513791 rows=83441 elapsed=2260s
[harbor_adapter] data/harbor_adapters/research-code-bench/00002.parquet done; bytes=71528722583 rows=83689 elapsed=2280s
[harbor_adapter] data/harbor_adapters/skillsbench/00002.parquet done; bytes=72279562129 rows=83942 elapsed=2315s
[harbor_adapter] data/harbor_adapters/swtbench/00000.parquet done; bytes=73014426412 rows=84189 elapsed=2335s
[harbor_adapter] data/harbor_adapters/widesearch/00001.parquet done; bytes=73749711735 rows=84433 elapsed=2357s
[harbor_adapter] data/harbor_adapters/livecodebench/00007.parquet done; bytes=74487290641 rows=84677 elapsed=2386s
[harbor_adapter] data/harbor_adapters/swebench-verified/00012.parquet done; bytes=74833230628 rows=84791 elapsed=2395s
[harbor_adapter] data/harbor_adapters/swe-lancer/00007.parquet done; bytes=75567840321 rows=85031 elapsed=2420s
[harbor_adapter] data/harbor_adapters/livecodebench/00002.parquet done; bytes=76302668035 rows=85271 elapsed=2439s
[harbor_adapter] data/harbor_adapters/spider2/00004.parquet done; bytes=77037832999 rows=85511 elapsed=2459s
[harbor_adapter] data/harbor_adapters/skillsbench/00005.parquet done; bytes=77779632971 rows=85753 elapsed=2480s
[harbor_adapter] data/harbor_adapters/algotune/00003.parquet done; bytes=78514531731 rows=85986 elapsed=2499s
[harbor_adapter] data/harbor_adapters/swe-lancer/00006.parquet done; bytes=79253318103 rows=86220 elapsed=2521s
[harbor_adapter] data/harbor_adapters/terminal-bench/00005.parquet done; bytes=79818026937 rows=86397 elapsed=2534s
[harbor_adapter] data/harbor_adapters/bixbench/00002.parquet done; bytes=80552978845 rows=86627 elapsed=2552s
[harbor_adapter] data/harbor_adapters/algotune/00000.parquet done; bytes=81287165247 rows=86856 elapsed=2572s
[harbor_adapter] data/harbor_adapters/swe-lancer/00008.parquet done; bytes=82021568446 rows=87084 elapsed=2606s
[harbor_adapter] data/harbor_adapters/skillsbench/00001.parquet done; bytes=82755667367 rows=87311 elapsed=2629s
[harbor_adapter] data/harbor_adapters/algotune/00010.parquet done; bytes=83489808189 rows=87536 elapsed=2650s
[harbor_adapter] data/harbor_adapters/crustbench/00001.parquet done; bytes=84224034031 rows=87758 elapsed=2668s
[harbor_adapter] data/harbor_adapters/research-code-bench/00017.parquet done; bytes=84959089974 rows=87977 elapsed=2686s
[harbor_adapter] data/harbor_adapters/algotune/00006.parquet done; bytes=85694387699 rows=88196 elapsed=2708s
[harbor_adapter] data/harbor_adapters/compilebench/00000.parquet done; bytes=86428491187 rows=88414 elapsed=2730s
[harbor_adapter] data/harbor_adapters/spider2/00000.parquet done; bytes=87162694698 rows=88632 elapsed=2750s
[harbor_adapter] data/harbor_adapters/simpleqa/00008.parquet done; bytes=87516582975 rows=88737 elapsed=2759s
[harbor_adapter] data/harbor_adapters/research-code-bench/00012.parquet done; bytes=88252522719 rows=88955 elapsed=2777s
[harbor_adapter] data/harbor_adapters/aa-lcr/00005.parquet done; bytes=88986644681 rows=89172 elapsed=2797s
[harbor_adapter] data/harbor_adapters/terminal-bench/00003.parquet done; bytes=89721172227 rows=89388 elapsed=2817s
[harbor_adapter] data/harbor_adapters/hle/recovery-00000.parquet done; bytes=89810653453 rows=89414 elapsed=2820s
[harbor_adapter] data/harbor_adapters/research-code-bench/00008.parquet done; bytes=90544873998 rows=89627 elapsed=2840s
[harbor_adapter] data/harbor_adapters/swe-lancer/00001.parquet done; bytes=91279336218 rows=89840 elapsed=2858s
[harbor_adapter] data/harbor_adapters/swtbench/00002.parquet done; bytes=92014533417 rows=90053 elapsed=2880s
[harbor_adapter] data/harbor_adapters/research-code-bench/00011.parquet done; bytes=92749073431 rows=90264 elapsed=2912s
[harbor_adapter] data/harbor_adapters/crustbench/00000.parquet done; bytes=93486419891 rows=90475 elapsed=2935s
[harbor_adapter] data/harbor_adapters/bixbench/00001.parquet done; bytes=94222496523 rows=90685 elapsed=2968s
[harbor_adapter] data/harbor_adapters/research-code-bench/00001.parquet done; bytes=94957271124 rows=90892 elapsed=2989s
[harbor_adapter] data/harbor_adapters/aider-polyglot/00006.parquet done; bytes=94971514893 rows=90896 elapsed=2991s
[harbor_adapter] data/harbor_adapters/skillsbench/00007.parquet done; bytes=95244407674 rows=90972 elapsed=2999s
[harbor_adapter] data/harbor_adapters/sldbench/00000.parquet done; bytes=95728122405 rows=91106 elapsed=3013s
[harbor_adapter] data/harbor_adapters/algotune/00011.parquet done; bytes=96444549280 rows=91302 elapsed=3033s
[harbor_adapter] data/harbor_adapters/seal0/00010.parquet done; bytes=97060077616 rows=91470 elapsed=3051s
[harbor_adapter] data/harbor_adapters/spider2/00005.parquet done; bytes=97326265238 rows=91542 elapsed=3059s
[harbor_adapter] data/harbor_adapters/research-code-bench/00010.parquet done; bytes=98060402521 rows=91740 elapsed=3083s
[harbor_adapter] data/harbor_adapters/swtbench/00001.parquet done; bytes=98794858090 rows=91938 elapsed=3105s
[harbor_adapter] data/harbor_adapters/seal0/00000.parquet done; bytes=99530953926 rows=92136 elapsed=3123s
[harbor_adapter] data/harbor_adapters/research-code-bench/00016.parquet done; bytes=100265837611 rows=92331 elapsed=3146s
[harbor_adapter] data/harbor_adapters/spider2/00001.parquet done; bytes=101000870041 rows=92526 elapsed=3165s
[harbor_adapter] data/harbor_adapters/gaia2/00003.parquet done; bytes=101735058105 rows=92715 elapsed=3187s
[harbor_adapter] data/harbor_adapters/research-code-bench/00005.parquet done; bytes=102469279087 rows=92904 elapsed=3218s
[harbor_adapter] data/harbor_adapters/swebench-verified/00009.parquet done; bytes=103203729161 rows=93093 elapsed=3237s
[harbor_adapter] data/harbor_adapters/gaia2/00004.parquet done; bytes=103939688133 rows=93281 elapsed=3260s
[harbor_adapter] data/harbor_adapters/crustbench/00007.parquet done; bytes=104677887369 rows=93469 elapsed=3282s
[harbor_adapter] data/harbor_adapters/research-code-bench/00009.parquet done; bytes=105412107848 rows=93652 elapsed=3304s
[harbor_adapter] data/harbor_adapters/crustbench/00002.parquet done; bytes=106146451716 rows=93833 elapsed=3327s
[harbor_adapter] data/harbor_adapters/featurebench-modal/00014.parquet done; bytes=106880623519 rows=94013 elapsed=3350s
[harbor_adapter] data/harbor_adapters/bixbench/00000.parquet done; bytes=107616348667 rows=94192 elapsed=3372s
[harbor_adapter] data/harbor_adapters/seal0/00002.parquet done; bytes=108352489160 rows=94371 elapsed=3388s
[harbor_adapter] data/harbor_adapters/research-code-bench/00006.parquet done; bytes=109105948992 rows=94554 elapsed=3411s
[harbor_adapter] data/harbor_adapters/spider2/00003.parquet done; bytes=109841507966 rows=94731 elapsed=3434s
[harbor_adapter] data/harbor_adapters/seal0/00008.parquet done; bytes=110577465705 rows=94908 elapsed=3451s
[harbor_adapter] data/harbor_adapters/skillsbench/00000.parquet done; bytes=111311576034 rows=95081 elapsed=3474s
[harbor_adapter] data/harbor_adapters/featurebench-modal/00019.parquet done; bytes=112046052986 rows=95252 elapsed=3502s
[harbor_adapter] data/harbor_adapters/gaia2/00000.parquet done; bytes=112780865272 rows=95422 elapsed=3531s
[harbor_adapter] data/harbor_adapters/featurebench-modal/00008.parquet done; bytes=113516534630 rows=95592 elapsed=3557s
[harbor_adapter] data/harbor_adapters/aa-lcr/00003.parquet done; bytes=114256568265 rows=95763 elapsed=3576s
[harbor_adapter] data/harbor_adapters/replicationbench/00005.parquet done; bytes=114992194301 rows=95932 elapsed=3597s
[harbor_adapter] data/harbor_adapters/swebench-multilingual/00003.parquet done; bytes=115727282519 rows=96100 elapsed=3618s
[harbor_adapter] data/harbor_adapters/research-code-bench/00015.parquet done; bytes=116463228748 rows=96268 elapsed=3638s
[harbor_adapter] data/harbor_adapters/featurebench-modal/00013.parquet done; bytes=117203652224 rows=96435 elapsed=3662s
[harbor_adapter] data/harbor_adapters/swebench-verified/00011.parquet done; bytes=117937824180 rows=96600 elapsed=3683s
[harbor_adapter] data/harbor_adapters/bixbench/00003.parquet done; bytes=118730457841 rows=96778 elapsed=3706s
[harbor_adapter] data/harbor_adapters/swebench-verified/00003.parquet done; bytes=119465816129 rows=96943 elapsed=3726s
[harbor_adapter] data/harbor_adapters/algotune/00007.parquet done; bytes=120200965127 rows=97107 elapsed=3744s
[harbor_adapter] data/harbor_adapters/skillsbench/00006.parquet done; bytes=120937683081 rows=97271 elapsed=3766s
[harbor_adapter] data/harbor_adapters/gaia2/00001.parquet done; bytes=121673880690 rows=97433 elapsed=3787s
[harbor_adapter] data/harbor_adapters/crustbench/00003.parquet done; bytes=122408361541 rows=97593 elapsed=3812s
[harbor_adapter] data/harbor_adapters/crustbench/00005.parquet done; bytes=123142588685 rows=97752 elapsed=3835s
[harbor_adapter] data/harbor_adapters/gaia2/00002.parquet done; bytes=123910064451 rows=97917 elapsed=3861s
[harbor_adapter] data/harbor_adapters/swe-lancer/00004.parquet done; bytes=124652346872 rows=98076 elapsed=3883s
[harbor_adapter] data/harbor_adapters/swebench-verified/00004.parquet done; bytes=125387323641 rows=98232 elapsed=3903s
[harbor_adapter] data/harbor_adapters/featurebench-modal/00021.parquet done; bytes=126125618631 rows=98388 elapsed=3929s
[harbor_adapter] data/harbor_adapters/gaia2/00009.parquet done; bytes=126860111253 rows=98543 elapsed=3956s
[harbor_adapter] data/harbor_adapters/algotune/00009.parquet done; bytes=127594670264 rows=98696 elapsed=3976s
[harbor_adapter] data/harbor_adapters/research-code-bench/00007.parquet done; bytes=128329586740 rows=98849 elapsed=3997s
[harbor_adapter] data/harbor_adapters/crustbench/00009.parquet done; bytes=129064864198 rows=99002 elapsed=4018s
[harbor_adapter] data/harbor_adapters/replicationbench/00013.parquet done; bytes=129137192525 rows=99017 elapsed=4023s
[harbor_adapter] data/harbor_adapters/crustbench/00008.parquet done; bytes=129876622623 rows=99170 elapsed=4042s
[harbor_adapter] data/harbor_adapters/featurebench-modal/00022.parquet done; bytes=130611063657 rows=99319 elapsed=4067s
[harbor_adapter] data/harbor_adapters/bixbench/00004.parquet done; bytes=131064865551 rows=99411 elapsed=4080s
[harbor_adapter] data/harbor_adapters/swebench-verified/00006.parquet done; bytes=131805907368 rows=99561 elapsed=4100s
[harbor_adapter] data/harbor_adapters/terminal-bench/00001.parquet done; bytes=132540818536 rows=99709 elapsed=4128s
[harbor_adapter] data/harbor_adapters/swebench-multilingual/00005.parquet done; bytes=133275254531 rows=99856 elapsed=4151s
[harbor_adapter] data/harbor_adapters/swebench-multilingual/00002.parquet done; bytes=134009862133 rows=100003 elapsed=4172s
[harbor_adapter] data/harbor_adapters/replicationbench/00006.parquet done; bytes=134744768681 rows=100150 elapsed=4194s
[harbor_adapter] data/harbor_adapters/crustbench/00006.parquet done; bytes=135479687452 rows=100297 elapsed=4214s
[harbor_adapter] data/harbor_adapters/replicationbench/00012.parquet done; bytes=136213871866 rows=100443 elapsed=4235s
[harbor_adapter] data/harbor_adapters/featurebench-modal/00012.parquet done; bytes=136950835143 rows=100587 elapsed=4263s
[harbor_adapter] data/harbor_adapters/swebench-verified/00000.parquet done; bytes=137685470367 rows=100730 elapsed=4285s
[harbor_adapter] data/harbor_adapters/swebenchpro/00010.parquet done; bytes=138420739864 rows=100873 elapsed=4308s
[harbor_adapter] data/harbor_adapters/featurebench-modal/00026.parquet done; bytes=139161540458 rows=101017 elapsed=4333s
[harbor_adapter] data/harbor_adapters/gaia2/00011.parquet done; bytes=139538524722 rows=101090 elapsed=4348s
[harbor_adapter] data/harbor_adapters/gaia2/00008.parquet done; bytes=140273294167 rows=101232 elapsed=4373s
[harbor_adapter] data/harbor_adapters/swebench-verified/00002.parquet done; bytes=141007458860 rows=101373 elapsed=4398s
[harbor_adapter] data/harbor_adapters/swebench-multilingual/00001.parquet done; bytes=141745427329 rows=101514 elapsed=4418s
[harbor_adapter] data/harbor_adapters/replicationbench/00002.parquet done; bytes=142485349844 rows=101653 elapsed=4438s
[harbor_adapter] data/harbor_adapters/financeagent_terminal/00005.parquet done; bytes=143220528990 rows=101791 elapsed=4466s
[harbor_adapter] data/harbor_adapters/swebench-multilingual/00000.parquet done; bytes=143959776622 rows=101929 elapsed=4492s
[harbor_adapter] data/harbor_adapters/gaia2/00005.parquet done; bytes=144705154802 rows=102068 elapsed=4512s
[harbor_adapter] data/harbor_adapters/swebenchpro/00011.parquet done; bytes=145441282221 rows=102205 elapsed=4537s
[harbor_adapter] data/harbor_adapters/financeagent_terminal/00007.parquet done; bytes=145949250196 rows=102298 elapsed=4558s
[harbor_adapter] data/harbor_adapters/featurebench-modal/00023.parquet done; bytes=146687482853 rows=102433 elapsed=4586s
[harbor_adapter] data/harbor_adapters/research-code-bench/00000.parquet done; bytes=147430976131 rows=102568 elapsed=4608s
[harbor_adapter] data/harbor_adapters/replicationbench/00004.parquet done; bytes=148166037064 rows=102700 elapsed=4632s
[harbor_adapter] data/harbor_adapters/gaia2/00007.parquet done; bytes=148901751081 rows=102830 elapsed=4656s
[harbor_adapter] data/harbor_adapters/replicationbench/00009.parquet done; bytes=149638036703 rows=102960 elapsed=4685s
[harbor_adapter] data/harbor_adapters/featurebench-modal/00007.parquet done; bytes=150372218413 rows=103089 elapsed=4715s
[harbor_adapter] data/harbor_adapters/seal0/00004.parquet done; bytes=151106440078 rows=103218 elapsed=4747s
[harbor_adapter] data/harbor_adapters/swebenchpro/00016.parquet done; bytes=151840556520 rows=103346 elapsed=4773s
[harbor_adapter] data/harbor_adapters/replicationbench/00007.parquet done; bytes=152574702891 rows=103473 elapsed=4806s
[harbor_adapter] data/harbor_adapters/swebench-verified/00001.parquet done; bytes=153313716414 rows=103600 elapsed=4841s
[harbor_adapter] data/harbor_adapters/featurebench-modal/00015.parquet done; bytes=154047854691 rows=103726 elapsed=4869s
[harbor_adapter] data/harbor_adapters/swebench-verified/00010.parquet done; bytes=154783008105 rows=103852 elapsed=4887s
[harbor_adapter] data/harbor_adapters/swebenchpro/00003.parquet done; bytes=155518477244 rows=103978 elapsed=4913s
[harbor_adapter] data/harbor_adapters/featurebench-modal/00017.parquet done; bytes=156254047901 rows=104104 elapsed=4937s
[harbor_adapter] data/harbor_adapters/featurebench-modal/00011.parquet done; bytes=156992510341 rows=104230 elapsed=4970s
[harbor_adapter] data/harbor_adapters/featurebench-modal/00027.parquet done; bytes=157726732749 rows=104355 elapsed=4996s
[harbor_adapter] data/harbor_adapters/gaia2/00010.parquet done; bytes=158461672204 rows=104480 elapsed=5020s
[harbor_adapter] data/harbor_adapters/gaia2/00006.parquet done; bytes=159196212264 rows=104604 elapsed=5086s
[harbor_adapter] data/harbor_adapters/featurebench-modal/00018.parquet done; bytes=159934638933 rows=104728 elapsed=5121s
[harbor_adapter] data/harbor_adapters/crustbench/00004.parquet done; bytes=160669057085 rows=104851 elapsed=5142s
[harbor_adapter] data/harbor_adapters/financeagent_terminal/00003.parquet done; bytes=161403718807 rows=104974 elapsed=5162s
[harbor_adapter] data/harbor_adapters/financeagent_terminal/00000.parquet done; bytes=162138745641 rows=105097 elapsed=5193s
[harbor_adapter] data/harbor_adapters/featurebench-modal/00009.parquet done; bytes=162873791677 rows=105220 elapsed=5213s
[harbor_adapter] data/harbor_adapters/financeagent_terminal/00001.parquet done; bytes=163609412988 rows=105343 elapsed=5236s
[harbor_adapter] data/harbor_adapters/featurebench-modal/00016.parquet done; bytes=164353753674 rows=105465 elapsed=5267s
[harbor_adapter] data/harbor_adapters/swebenchpro/00015.parquet done; bytes=165091184099 rows=105585 elapsed=5287s
[harbor_adapter] data/harbor_adapters/crustbench/00010.parquet done; bytes=165295147952 rows=105618 elapsed=5297s
[harbor_adapter] data/harbor_adapters/swebench-verified/00005.parquet done; bytes=166029231475 rows=105735 elapsed=5317s
[harbor_adapter] data/harbor_adapters/featurebench-modal/00020.parquet done; bytes=166771438030 rows=105852 elapsed=5440s
[harbor_adapter] data/harbor_adapters/research-code-bench/00014.parquet done; bytes=167506662739 rows=105966 elapsed=5462s
[harbor_adapter] data/harbor_adapters/featurebench-modal/00010.parquet done; bytes=168243855667 rows=106077 elapsed=5483s
[harbor_adapter] data/harbor_adapters/deepsynth/00000.parquet done; bytes=168978062774 rows=106187 elapsed=5507s
[harbor_adapter] data/harbor_adapters/financeagent_terminal/00006.parquet done; bytes=169722169355 rows=106298 elapsed=5534s
[harbor_adapter] data/harbor_adapters/swebenchpro/00004.parquet done; bytes=170459924042 rows=106408 elapsed=5566s
[harbor_adapter] data/harbor_adapters/swebench-verified/00007.parquet done; bytes=171194388512 rows=106516 elapsed=5591s
[harbor_adapter] data/harbor_adapters/featurebench-modal/00024.parquet done; bytes=171957688007 rows=106626 elapsed=5619s
[harbor_adapter] data/harbor_adapters/swebenchpro/00013.parquet done; bytes=172692638952 rows=106730 elapsed=5654s
[harbor_adapter] data/harbor_adapters/replicationbench/00010.parquet done; bytes=173426925981 rows=106832 elapsed=5682s
[harbor_adapter] data/harbor_adapters/replicationbench/00001.parquet done; bytes=174163443149 rows=106934 elapsed=5705s
[harbor_adapter] data/harbor_adapters/featurebench-modal/00028.parquet done; bytes=174822027455 rows=107025 elapsed=5729s
[harbor_adapter] data/harbor_adapters/swebenchpro/00000.parquet done; bytes=175556075148 rows=107124 elapsed=5750s
[harbor_adapter] data/harbor_adapters/replicationbench/00008.parquet done; bytes=176290173338 rows=107223 elapsed=5776s
[harbor_adapter] data/harbor_adapters/swebench-verified/00008.parquet done; bytes=177025086482 rows=107322 elapsed=5836s
[harbor_adapter] data/harbor_adapters/deepsynth/00008.parquet done; bytes=177610290526 rows=107400 elapsed=5854s
[harbor_adapter] data/harbor_adapters/swebench-multilingual/00004.parquet done; bytes=178348461375 rows=107498 elapsed=5880s
[harbor_adapter] data/harbor_adapters/deepsynth/00007.parquet done; bytes=179099787341 rows=107597 elapsed=5911s
[harbor_adapter] data/harbor_adapters/featurebench-modal/00025.parquet done; bytes=179834652684 rows=107693 elapsed=5942s
[harbor_adapter] data/harbor_adapters/seal0/00007.parquet done; bytes=180570599396 rows=107788 elapsed=6156s
[harbor_adapter] data/harbor_adapters/financeagent_terminal/00004.parquet done; bytes=181317052237 rows=107884 elapsed=6215s
[harbor_adapter] data/harbor_adapters/livecodebench/00003.parquet done; bytes=182051161987 rows=107977 elapsed=6240s
[harbor_adapter] data/harbor_adapters/swebenchpro/00007.parquet done; bytes=182785625938 rows=108070 elapsed=6325s
[harbor_adapter] data/harbor_adapters/financeagent_terminal/00002.parquet done; bytes=183523356693 rows=108163 elapsed=6454s
[harbor_adapter] data/harbor_adapters/swebenchpro/00006.parquet done; bytes=184258147064 rows=108254 elapsed=6542s
