model=x-ai/grok-4.6 n=1699 cached=200 pending=1499 projected_pending_usd=12.3621 cap=20.0
fetched 10/1499 spent_usd=0.1622
fetched 20/1499 spent_usd=0.2789
fetched 30/1499 spent_usd=0.3725
fetched 40/1499 spent_usd=0.4693
fetched 50/1499 spent_usd=0.6065
fetched 60/1499 spent_usd=0.6713
fetched 70/1499 spent_usd=0.7915
fetched 80/1499 spent_usd=0.8847
fetched 90/1499 spent_usd=0.9614
fetched 100/1499 spent_usd=1.0298
fetched 110/1499 spent_usd=1.1053
fetched 120/1499 spent_usd=1.2240
fetched 130/1499 spent_usd=1.2909
fetched 140/1499 spent_usd=1.3571
fetched 150/1499 spent_usd=1.4277
fetched 160/1499 spent_usd=1.4975
fetched 170/1499 spent_usd=1.5698
fetched 180/1499 spent_usd=1.6335
fetched 190/1499 spent_usd=1.7059
fetched 200/1499 spent_usd=1.7773
fetched 210/1499 spent_usd=1.8735
fetched 220/1499 spent_usd=1.9488
fetched 230/1499 spent_usd=2.0178
fetched 240/1499 spent_usd=2.1053
fetched 250/1499 spent_usd=2.1940
fetched 260/1499 spent_usd=2.2618
fetched 270/1499 spent_usd=2.3346
fetched 280/1499 spent_usd=2.4269
fetched 290/1499 spent_usd=2.4889
fetched 300/1499 spent_usd=2.5719
fetched 310/1499 spent_usd=2.6568
fetched 320/1499 spent_usd=2.7264
fetched 330/1499 spent_usd=2.7917
fetched 340/1499 spent_usd=2.8621
fetched 350/1499 spent_usd=2.9214
fetched 360/1499 spent_usd=2.9904
fetched 370/1499 spent_usd=3.0815
fetched 380/1499 spent_usd=3.1438
fetched 390/1499 spent_usd=3.2183
fetched 400/1499 spent_usd=3.2809
fetched 410/1499 spent_usd=3.3423
fetched 420/1499 spent_usd=3.4679
fetched 430/1499 spent_usd=3.5589
fetched 440/1499 spent_usd=3.6353
fetched 450/1499 spent_usd=3.7141
fetched 460/1499 spent_usd=3.7872
fetched 470/1499 spent_usd=3.8625
fetched 480/1499 spent_usd=3.9369
fetched 490/1499 spent_usd=3.9981
fetched 500/1499 spent_usd=4.0768
fetched 510/1499 spent_usd=4.1447
fetched 520/1499 spent_usd=4.2296
fetched 530/1499 spent_usd=4.2922
fetched 540/1499 spent_usd=4.3488
fetched 550/1499 spent_usd=4.4154
fetched 560/1499 spent_usd=4.5340
fetched 570/1499 spent_usd=4.6097
fetched 580/1499 spent_usd=4.6899
fetched 590/1499 spent_usd=4.7708
fetched 600/1499 spent_usd=4.8704
fetched 610/1499 spent_usd=4.9499
fetched 620/1499 spent_usd=5.0293
fetched 630/1499 spent_usd=5.1286
fetched 640/1499 spent_usd=5.2065
fetched 650/1499 spent_usd=5.3011
fetched 660/1499 spent_usd=5.3853
fetched 670/1499 spent_usd=5.4681
fetched 680/1499 spent_usd=5.5431
fetched 690/1499 spent_usd=5.6160
fetched 700/1499 spent_usd=5.7609
fetched 710/1499 spent_usd=5.8528
fetched 720/1499 spent_usd=5.9316
fetched 730/1499 spent_usd=6.0200
fetched 740/1499 spent_usd=6.0903
fetched 750/1499 spent_usd=6.1566
fetched 760/1499 spent_usd=6.2562
fetched 770/1499 spent_usd=6.3383
fetched 780/1499 spent_usd=6.4313
fetched 790/1499 spent_usd=6.5646
fetched 800/1499 spent_usd=6.6810
fetched 810/1499 spent_usd=6.8146
fetched 820/1499 spent_usd=6.9347
fetched 830/1499 spent_usd=6.9772
fetched 840/1499 spent_usd=6.9867
fetched 850/1499 spent_usd=6.9867
fetched 860/1499 spent_usd=6.9931
fetched 870/1499 spent_usd=7.0071
fetched 880/1499 spent_usd=7.0188
fetched 890/1499 spent_usd=7.0329
fetched 900/1499 spent_usd=7.0400
fetched 910/1499 spent_usd=7.0513
fetched 920/1499 spent_usd=7.0562
fetched 930/1499 spent_usd=7.0562
fetched 940/1499 spent_usd=7.0726
fetched 950/1499 spent_usd=7.0726
fetched 960/1499 spent_usd=7.0855
fetched 970/1499 spent_usd=7.0855
fetched 980/1499 spent_usd=7.1034
fetched 990/1499 spent_usd=7.1152
fetched 1000/1499 spent_usd=7.1353
fetched 1010/1499 spent_usd=7.1513
fetched 1020/1499 spent_usd=7.1596
fetched 1030/1499 spent_usd=7.1769
fetched 1040/1499 spent_usd=7.1845
fetched 1050/1499 spent_usd=7.2047
fetched 1060/1499 spent_usd=7.2384
fetched 1070/1499 spent_usd=7.2600
fetched 1080/1499 spent_usd=7.2759
fetched 1090/1499 spent_usd=7.2912
fetched 1100/1499 spent_usd=7.2912
fetched 1110/1499 spent_usd=7.3797
fetched 1120/1499 spent_usd=7.4266
fetched 1130/1499 spent_usd=7.4423
fetched 1140/1499 spent_usd=7.4529
fetched 1150/1499 spent_usd=7.4529
fetched 1160/1499 spent_usd=7.4597
fetched 1170/1499 spent_usd=7.4680
fetched 1180/1499 spent_usd=7.4859
fetched 1190/1499 spent_usd=7.4859
fetched 1200/1499 spent_usd=7.4859
fetched 1210/1499 spent_usd=7.4859
fetched 1220/1499 spent_usd=7.4922
fetched 1230/1499 spent_usd=7.5005
fetched 1240/1499 spent_usd=7.5092
fetched 1250/1499 spent_usd=7.5139
fetched 1260/1499 spent_usd=7.5257
fetched 1270/1499 spent_usd=7.5323
fetched 1280/1499 spent_usd=7.5738
fetched 1290/1499 spent_usd=7.5795
fetched 1300/1499 spent_usd=7.5849
fetched 1310/1499 spent_usd=7.5849
fetched 1320/1499 spent_usd=7.5963
fetched 1330/1499 spent_usd=7.5963
fetched 1340/1499 spent_usd=7.6088
fetched 1350/1499 spent_usd=7.6152
fetched 1360/1499 spent_usd=7.6228
fetched 1370/1499 spent_usd=7.6228
fetched 1380/1499 spent_usd=7.6228
fetched 1390/1499 spent_usd=7.6228
fetched 1400/1499 spent_usd=7.6291
fetched 1410/1499 spent_usd=7.6353
fetched 1420/1499 spent_usd=7.6353
fetched 1430/1499 spent_usd=7.6353
fetched 1440/1499 spent_usd=7.6389
fetched 1450/1499 spent_usd=7.6389
fetched 1460/1499 spent_usd=7.6616
fetched 1470/1499 spent_usd=7.6616
fetched 1480/1499 spent_usd=7.6616
fetched 1490/1499 spent_usd=7.6616
fetched 1499/1499 spent_usd=7.6815
retrying 584 errors
model: x-ai/grok-4.6
prices per token: prompt=2e-06 completion=6e-06
n=1699 cached=200 fetched=1499 spend_usd=9.889160000000006
wall_clock_s=2591.0064645029997 cost_per_item=0.005820576809888173
combination: retain lowest z(s) + z(1-p_i): low auditor severity and high solve rate

AUROC (1,000-rep bootstrap 95% CI)
Y              s                            p_invalid                   
conservative   0.765 (0.737, 0.790)         0.787 (0.758, 0.813)        
majority       0.784 (0.760, 0.808)         0.811 (0.786, 0.834)        
unanimous      0.776 (0.751, 0.799)         0.799 (0.773, 0.824)        

Per-axis AUROC
underspecified vs human>=2: 0.667 (0.638, 0.696)
false_negative vs human>=2: 0.761 (0.734, 0.785)

model vs majority kappa=0.4757146424852456 agreement=0.7408666100254885
model vs human pairwise agreement=0.6989521382044747

Retain-tail residual invalidity (conservative Y)
rule                         5%      10%      20%
s                         0.220    0.280    0.323
1-p_i                     0.237    0.331    0.409
p_logistic                0.305    0.356    0.434
z(s)+z(1-p_i)             0.203    0.297    0.319

Frozen predicates: FAIL
  F1 PASS: AUROC(s, conservative) >= 0.75 with 1,000-rep bootstrap CI lower bound > 0.70
  F2 PASS: Cohen's kappa of the model material bit vs majority_invalid >= 0.39 (human Fleiss kappa on the material bit)
  F3 FAIL: retain-20% residual under z(s)+z(1-p_i) <= 0.20 on conservative Y (versus 0.43 for metadata / OOF logistic alone on the full 1,699)
total spend usd: 9.889160000000006

AUROC by repository (p_invalid vs majority)
repo                 n maj_rate auroc_p                      auroc_s                     
astropy             72    0.542 0.790 (0.689, 0.891)         0.778 (0.680, 0.863)        
django             652    0.388 0.833 (0.802, 0.863)         0.807 (0.772, 0.841)        
matplotlib         125    0.384 0.740 (0.646, 0.826)         0.706 (0.623, 0.795)        
mwaskom              9    0.444 0.500 (0.000, 1.000)         0.525 (0.056, 0.975)        
pallets              1    0.000 NA                           NA                          
psf                 33    0.485 0.662 (0.474, 0.839)         0.654 (0.456, 0.824)        
pydata              76    0.434 0.879 (0.798, 0.945)         0.871 (0.801, 0.932)        
pylint-dev          15    0.733 0.750 (0.481, 0.960)         0.682 (0.393, 0.900)        
pytest-dev          26    0.500 0.926 (0.789, 1.000)         0.926 (0.815, 1.000)        
scikit-learn        66    0.606 0.750 (0.625, 0.864)         0.710 (0.590, 0.825)        
sphinx-doc          40    0.425 0.817 (0.681, 0.936)         0.751 (0.609, 0.878)        
sympy               62    0.468 0.783 (0.656, 0.894)         0.728 (0.604, 0.824)        

Calibration: p_invalid deciles vs majority-invalid rate
decile     n   p_mean    p_min    p_max maj_rate
     1   117    0.050    0.050    0.050    0.043
     2   118    0.067    0.050    0.080    0.085
     3   118    0.103    0.080    0.120    0.195
     4   117    0.127    0.120    0.150    0.282
     5   118    0.189    0.150    0.220    0.381
     6   118    0.548    0.220    0.780    0.466
     7   117    0.837    0.780    0.850    0.590
     8   118    0.860    0.850    0.880    0.636
     9   118    0.896    0.880    0.920    0.729
    10   118    0.934    0.920    1.000    0.864

full spend usd=9.889160000000006 new=8.239773999999999 cached=1.6493859999999998 cap=20.0
ERROR: 522 unscored items
