model=x-ai/grok-4.6 n=1699 cached=1177 pending=522 projected_pending_usd=4.3858 cap=20.0
fetched 10/522 spent_usd=0.1659
fetched 20/522 spent_usd=0.2552
fetched 30/522 spent_usd=0.3604
fetched 40/522 spent_usd=0.4909
fetched 50/522 spent_usd=0.5891
fetched 60/522 spent_usd=0.6971
fetched 70/522 spent_usd=0.7855
fetched 80/522 spent_usd=0.8777
fetched 90/522 spent_usd=0.9736
fetched 100/522 spent_usd=1.0838
fetched 110/522 spent_usd=1.2016
fetched 120/522 spent_usd=1.3182
fetched 130/522 spent_usd=1.4681
fetched 140/522 spent_usd=1.5637
fetched 150/522 spent_usd=1.6567
fetched 160/522 spent_usd=1.7622
fetched 170/522 spent_usd=1.8575
fetched 180/522 spent_usd=1.9697
fetched 190/522 spent_usd=2.1593
fetched 200/522 spent_usd=2.2557
fetched 210/522 spent_usd=2.4043
fetched 220/522 spent_usd=2.5043
fetched 230/522 spent_usd=2.6018
fetched 240/522 spent_usd=2.6846
fetched 250/522 spent_usd=2.7782
fetched 260/522 spent_usd=2.8607
fetched 270/522 spent_usd=2.9652
fetched 280/522 spent_usd=3.0435
fetched 290/522 spent_usd=3.1350
fetched 300/522 spent_usd=3.2539
fetched 310/522 spent_usd=3.3612
fetched 320/522 spent_usd=3.4736
fetched 330/522 spent_usd=3.5871
fetched 340/522 spent_usd=3.6792
fetched 350/522 spent_usd=3.7820
fetched 360/522 spent_usd=3.8767
fetched 370/522 spent_usd=3.9782
fetched 380/522 spent_usd=4.0784
fetched 390/522 spent_usd=4.1890
fetched 400/522 spent_usd=4.2868
fetched 410/522 spent_usd=4.3745
fetched 420/522 spent_usd=4.4889
fetched 430/522 spent_usd=4.6145
fetched 440/522 spent_usd=4.7256
fetched 450/522 spent_usd=4.8126
fetched 460/522 spent_usd=4.9124
fetched 470/522 spent_usd=5.0090
fetched 480/522 spent_usd=5.1063
fetched 490/522 spent_usd=5.2033
fetched 500/522 spent_usd=5.2846
fetched 510/522 spent_usd=5.3909
fetched 520/522 spent_usd=5.4649
fetched 522/522 spent_usd=5.4819
model: x-ai/grok-4.6
prices per token: prompt=2e-06 completion=6e-06
n=1699 cached=1177 fetched=522 spend_usd=15.37107
wall_clock_s=1183.746168906997 cost_per_item=0.009047127722189524
combination: retain lowest z(s) + z(1-p_i): low auditor severity and high solve rate

AUROC (1,000-rep bootstrap 95% CI)
Y              s                            p_invalid                   
conservative   0.766 (0.742, 0.788)         0.792 (0.769, 0.814)        
majority       0.777 (0.756, 0.797)         0.807 (0.786, 0.828)        
unanimous      0.768 (0.747, 0.789)         0.796 (0.774, 0.818)        

Per-axis AUROC
underspecified vs human>=2: 0.662 (0.637, 0.687)
false_negative vs human>=2: 0.758 (0.737, 0.779)

model vs majority kappa=0.4701824753784363 agreement=0.735138316656857
model vs human pairwise agreement=0.696291936433196

Retain-tail residual invalidity (conservative Y)
rule                         5%      10%      20%
s                         0.271    0.294    0.335
1-p_i                     0.259    0.347    0.394
p_logistic                0.341    0.365    0.429
z(s)+z(1-p_i)             0.224    0.288    0.335

Frozen predicates: FAIL
  F1 PASS: AUROC(s, conservative) >= 0.75 with 1,000-rep bootstrap CI lower bound > 0.70
  F2 PASS: Cohen's kappa of the model material bit vs majority_invalid >= 0.39 (human Fleiss kappa on the material bit)
  F3 FAIL: retain-20% residual under z(s)+z(1-p_i) <= 0.20 on conservative Y (versus 0.43 for metadata / OOF logistic alone on the full 1,699)
total spend usd: 15.37107

AUROC by repository (p_invalid vs majority)
repo                 n maj_rate auroc_p                      auroc_s                     
astropy             72    0.542 0.790 (0.689, 0.891)         0.778 (0.680, 0.863)        
django             652    0.388 0.833 (0.802, 0.863)         0.807 (0.772, 0.841)        
matplotlib         125    0.384 0.740 (0.646, 0.826)         0.706 (0.623, 0.795)        
mwaskom              9    0.444 0.500 (0.000, 1.000)         0.525 (0.056, 0.975)        
pallets              1    0.000 NA                           NA                          
psf                 33    0.485 0.662 (0.474, 0.839)         0.654 (0.456, 0.824)        
pydata              79    0.443 0.887 (0.809, 0.944)         0.878 (0.802, 0.936)        
pylint-dev          37    0.649 0.787 (0.635, 0.919)         0.763 (0.602, 0.894)        
pytest-dev          89    0.483 0.835 (0.750, 0.911)         0.775 (0.684, 0.865)        
scikit-learn       165    0.618 0.785 (0.716, 0.855)         0.741 (0.667, 0.814)        
sphinx-doc         139    0.396 0.828 (0.753, 0.890)         0.799 (0.733, 0.858)        
sympy              298    0.487 0.775 (0.724, 0.827)         0.734 (0.682, 0.783)        

Calibration: p_invalid deciles vs majority-invalid rate
decile     n   p_mean    p_min    p_max maj_rate
     1   169    0.050    0.050    0.050    0.053
     2   170    0.075    0.050    0.080    0.118
     3   170    0.115    0.080    0.120    0.206
     4   170    0.149    0.120    0.180    0.282
     5   170    0.236    0.180    0.350    0.406
     6   170    0.768    0.350    0.850    0.588
     7   170    0.851    0.850    0.860    0.559
     8   170    0.873    0.860    0.900    0.647
     9   170    0.908    0.900    0.920    0.782
    10   170    0.937    0.920    1.000    0.853

full spend usd=15.37107 new=5.481909999999998 cached=9.889160000000006 cap=20.0
